## Apply generated browser reactivity fixes
Applied generated runtime reactivity fixes.
## Apply icon runtime fixes
Applied icon runtime fixes.
Normalized icon attribute parser.
## Apply module head merge fix
Applied module head composition fix.
## Apply README updates
## Typecheck

> resuxjs@0.3.0 typecheck
> tsc -b

## Full test suite

> resuxjs@0.3.0 test
> vitest run


[1m[30m[46m RUN [49m[39m[22m [36mv4.1.5 [39m[90m/home/runner/work/resux/resux[39m

[90mstdout[2m | tests/runtime.test.ts[2m > [22m[2mclient resume loader[2m > [22m[2mkeeps apiURL relative in browser/client scopes
[22m[39m[resux:enhancement] runtime loaded

[90mstderr[2m | tests/runtime.test.ts[2m > [22m[2mclient resume loader[2m > [22m[2mkeeps apiURL relative in browser/client scopes
[22m[39m[resux:enhancement] failed to load manifest: Cannot find module '/__resux/client-enhancements.mjs' imported from /tmp/resux-client-api-url-1785530297569/runtime-client.mjs

[90mstdout[2m | tests/runtime.test.ts[2m > [22m[2mclient resume loader[2m > [22m[2mkeeps apiURL relative in browser/client scopes
[22m[39m[resux:enhancement] scanning DOM
[resux:enhancement] scanning DOM
[resux:enhancement] scanning DOM
[resux:enhancement] scanning DOM

[90mstdout[2m | tests/package.test.ts[2m > [22m[2mcreate app[2m > [22m[2mscaffolds a starter with only the framework dependency
[22m[39m
Created Resux app in /tmp/resux-create-1785530297943/demo-app
Template: default

Next steps:
  cd demo-app
  npm install
  npm run dev

Selected optional features: seo

[90mstdout[2m | tests/package.test.ts[2m > [22m[2mcreate app[2m > [22m[2mscaffolds i18n and pwa only when selected as optional features
[22m[39m
Created Resux app in /tmp/resux-create-features-1785530297969/demo-features
Template: default

Next steps:
  cd demo-features
  npm install
  npm run dev

Selected optional features: seo, i18n, pwa

[90mstdout[2m | tests/package.test.ts[2m > [22m[2mcreate app[2m > [22m[2menables hreflang only when explicitly requested
[22m[39m
Created Resux app in /tmp/resux-create-hreflang-1785530298016/demo-hreflang
Template: default

Next steps:
  cd demo-hreflang
  npm install
  npm run dev

Selected optional features: seo, i18n

[90mstdout[2m | tests/package.test.ts[2m > [22m[2mcreate app[2m > [22m[2mscaffolds package compatibility routes with SSR-first pages and enhancement plugin
[22m[39m
Created Resux app in /tmp/resux-create-packages-1785530298041/demo-packages
Template: package-compatibility

Next steps:
  cd demo-packages
  npm install
  npm run dev

Selected optional features: package-compatibility

 [32m✓[39m tests/package.test.ts [2m([22m[2m7 tests[22m[2m)[22m[33m 579[2mms[22m[39m
     [33m[2m✓[22m[39m exposes reactivity APIs from root and reactivity subpath [33m 449[2mms[22m[39m
[90mstdout[2m | tests/runtime.test.ts[2m > [22m[2mclient resume loader[2m > [22m[2mactivates visible client enhancements immediately when the target is already visible
[22m[39m[resux:enhancement] runtime loaded

[90mstdout[2m | tests/runtime.test.ts[2m > [22m[2mclient resume loader[2m > [22m[2mactivates visible client enhancements immediately when the target is already visible
[22m[39m[resux:enhancement] registered swiper-carousel

[90mstdout[2m | tests/runtime.test.ts[2m > [22m[2mclient resume loader[2m > [22m[2mactivates visible client enhancements immediately when the target is already visible
[22m[39m[resux:enhancement] manifest loaded

[90mstdout[2m | tests/runtime.test.ts[2m > [22m[2mclient resume loader[2m > [22m[2mactivates visible client enhancements immediately when the target is already visible
[22m[39m[resux:enhancement] scanning DOM
[resux:enhancement] found element swiper-carousel trigger=visible
[resux:enhancement] scanning DOM
[resux:enhancement] scanning DOM
[resux:enhancement] scanning DOM

[90mstdout[2m | tests/runtime.test.ts[2m > [22m[2mclient resume loader[2m > [22m[2mactivates visible client enhancements immediately when the target is already visible
[22m[39m[resux:enhancement] trigger fired swiper-carousel

[90mstdout[2m | tests/runtime.test.ts[2m > [22m[2mclient resume loader[2m > [22m[2mactivates visible client enhancements immediately when the target is already visible
[22m[39m[resux:enhancement] setup complete
[resux:enhancement] cleanup registered

[90mstdout[2m | tests/compiler.test.ts[2m > [22m[2mroute manifest[2m > [22m[2mmatches catch-all route params from generated manifests
[22m[39mresux build client viteConfig: {
  "root": "/tmp/resux-catch-all-1785530298312",
  "configFile": false,
  "publicDir": false,
  "base": "/__resux/",
  "appType": "custom",
  "clearScreen": false,
  "logLevel": "warn",
  "plugins": [
    {
      "name": "vite:vue",
      "api": {
        "options": {
          "isProduction": false,
          "compiler": null,
          "customElement": {},
          "root": "/home/runner/work/resux/resux",
          "sourceMap": true,
          "cssDevSourcemap": false
        },
        "include": {},
        "version": "6.0.6"
      },
      "resolveId": {
        "filter": {
          "id": [
            {},
            {}
          ]
        }
      },
      "load": {
        "filter": {
          "id": [
            {},
            {}
          ]
        }
      },
      "transform": {}
    }
  ],
  "resolve": {
    "alias": {
      "vue": "/home/runner/work/resux/resux/node_modules/vue/dist/vue.cjs.js",
      "@": "/tmp/resux-catch-all-1785530298312",
      "~": "/tmp/resux-catch-all-1785530298312"
    }
  },
  "build": {
    "outDir": "/tmp/resux-catch-all-1785530298312/.resux/client",
    "emptyOutDir": false,
    "minify": "oxc",
    "sourcemap": false,
    "manifest": false,
    "rollupOptions": {
      "input": {
        "runtime-client": "/tmp/resux-catch-all-1785530298312/.resux/vite-client/runtime-client.mjs",
        "handlers/m0": "/tmp/resux-catch-all-1785530298312/.resux/vite-client/handlers/m0.mjs"
      },
      "preserveEntrySignatures": "strict",
      "output": {
        "format": "es",
        "entryFileNames": "[name].mjs",
        "chunkFileNames": "chunks/[name]-[hash].mjs",
        "assetFileNames": "assets/[name]-[hash][extname]"
      }
    }
  }
}

[90mstdout[2m | tests/runtime.test.ts[2m > [22m[2mclient resume loader[2m > [22m[2msupports enhancement alias attributes and executes cleanup disposers
[22m[39m[resux:enhancement] runtime loaded

[90mstdout[2m | tests/runtime.test.ts[2m > [22m[2mclient resume loader[2m > [22m[2msupports enhancement alias attributes and executes cleanup disposers
[22m[39m[resux:enhancement] registered alias-demo

[90mstdout[2m | tests/runtime.test.ts[2m > [22m[2mclient resume loader[2m > [22m[2msupports enhancement alias attributes and executes cleanup disposers
[22m[39m[resux:enhancement] manifest loaded

[90mstdout[2m | tests/runtime.test.ts[2m > [22m[2mclient resume loader[2m > [22m[2msupports enhancement alias attributes and executes cleanup disposers
[22m[39m[resux:enhancement] scanning DOM
[resux:enhancement] found element alias-demo trigger=visible
[resux:enhancement] scanning DOM
[resux:enhancement] scanning DOM
[resux:enhancement] scanning DOM

[90mstdout[2m | tests/runtime.test.ts[2m > [22m[2mclient resume loader[2m > [22m[2msupports enhancement alias attributes and executes cleanup disposers
[22m[39m[resux:enhancement] trigger fired alias-demo

[90mstdout[2m | tests/runtime.test.ts[2m > [22m[2mclient resume loader[2m > [22m[2msupports enhancement alias attributes and executes cleanup disposers
[22m[39m[resux:enhancement] setup complete
[resux:enhancement] cleanup registered

[90mstdout[2m | tests/compiler.test.ts[2m > [22m[2mroute manifest[2m > [22m[2mgenerates localized routes only when i18n module is enabled
[22m[39mresux build client viteConfig: {
  "root": "/tmp/resux-i18n-routes-1785530298514",
  "configFile": false,
  "publicDir": false,
  "base": "/__resux/",
  "appType": "custom",
  "clearScreen": false,
  "logLevel": "warn",
  "plugins": [
    {
      "name": "vite:vue",
      "api": {
        "options": {
          "isProduction": false,
          "compiler": null,
          "customElement": {},
          "root": "/home/runner/work/resux/resux",
          "sourceMap": true,
          "cssDevSourcemap": false
        },
        "include": {},
        "version": "6.0.6"
      },
      "resolveId": {
        "filter": {
          "id": [
            {},
            {}
          ]
        }
      },
      "load": {
        "filter": {
          "id": [
            {},
            {}
          ]
        }
      },
      "transform": {}
    }
  ],
  "resolve": {
    "alias": {
      "vue": "/home/runner/work/resux/resux/node_modules/vue/dist/vue.cjs.js",
      "@": "/tmp/resux-i18n-routes-1785530298514",
      "~": "/tmp/resux-i18n-routes-1785530298514"
    }
  },
  "build": {
    "outDir": "/tmp/resux-i18n-routes-1785530298514/.resux/client",
    "emptyOutDir": false,
    "minify": "oxc",
    "sourcemap": false,
    "manifest": false,
    "rollupOptions": {
      "input": {
        "runtime-client": "/tmp/resux-i18n-routes-1785530298514/.resux/vite-client/runtime-client.mjs",
        "handlers/m0": "/tmp/resux-i18n-routes-1785530298514/.resux/vite-client/handlers/m0.mjs",
        "handlers/m1": "/tmp/resux-i18n-routes-1785530298514/.resux/vite-client/handlers/m1.mjs"
      },
      "preserveEntrySignatures": "strict",
      "output": {
        "format": "es",
        "entryFileNames": "[name].mjs",
        "chunkFileNames": "chunks/[name]-[hash].mjs",
        "assetFileNames": "assets/[name]-[hash][extname]"
      }
    }
  }
}

[90mstdout[2m | tests/runtime.test.ts[2m > [22m[2mclient resume loader[2m > [22m[2mactivates visible enhancements after IntersectionObserver reports intersection
[22m[39m[resux:enhancement] runtime loaded

[90mstdout[2m | tests/runtime.test.ts[2m > [22m[2mclient resume loader[2m > [22m[2mactivates visible enhancements after IntersectionObserver reports intersection
[22m[39m[resux:enhancement] registered observed-demo

[90mstdout[2m | tests/runtime.test.ts[2m > [22m[2mclient resume loader[2m > [22m[2mactivates visible enhancements after IntersectionObserver reports intersection
[22m[39m[resux:enhancement] manifest loaded

[90mstdout[2m | tests/runtime.test.ts[2m > [22m[2mclient resume loader[2m > [22m[2mactivates visible enhancements after IntersectionObserver reports intersection
[22m[39m[resux:enhancement] scanning DOM
[resux:enhancement] found element observed-demo trigger=visible
[resux:enhancement] scanning DOM
[resux:enhancement] scanning DOM
[resux:enhancement] scanning DOM

[90mstdout[2m | tests/runtime.test.ts[2m > [22m[2mclient resume loader[2m > [22m[2mactivates visible enhancements after IntersectionObserver reports intersection
[22m[39m[resux:enhancement] observing visible trigger observed-demo

[90mstdout[2m | tests/runtime.test.ts[2m > [22m[2mclient resume loader[2m > [22m[2mactivates visible enhancements after IntersectionObserver reports intersection
[22m[39m[resux:enhancement] trigger fired observed-demo

[90mstdout[2m | tests/runtime.test.ts[2m > [22m[2mclient resume loader[2m > [22m[2mactivates visible enhancements after IntersectionObserver reports intersection
[22m[39m[resux:enhancement] setup complete

 [32m✓[39m tests/halal-core.test.ts [2m([22m[2m12 tests[22m[2m)[22m[32m 19[2mms[22m[39m
[90mstdout[2m | tests/runtime.test.ts[2m > [22m[2mclient resume loader[2m > [22m[2mactivates visible enhancements when visibility polling detects an already-visible element
[22m[39m[resux:enhancement] runtime loaded

[90mstdout[2m | tests/runtime.test.ts[2m > [22m[2mclient resume loader[2m > [22m[2mactivates visible enhancements when visibility polling detects an already-visible element
[22m[39m[resux:enhancement] registered poll-visible-demo

[90mstdout[2m | tests/runtime.test.ts[2m > [22m[2mclient resume loader[2m > [22m[2mactivates visible enhancements when visibility polling detects an already-visible element
[22m[39m[resux:enhancement] manifest loaded

[90mstdout[2m | tests/runtime.test.ts[2m > [22m[2mclient resume loader[2m > [22m[2mactivates visible enhancements when visibility polling detects an already-visible element
[22m[39m[resux:enhancement] scanning DOM
[resux:enhancement] found element poll-visible-demo trigger=visible
[resux:enhancement] scanning DOM
[resux:enhancement] scanning DOM
[resux:enhancement] scanning DOM

[90mstdout[2m | tests/runtime.test.ts[2m > [22m[2mclient resume loader[2m > [22m[2mactivates visible enhancements when visibility polling detects an already-visible element
[22m[39m[resux:enhancement] observing visible trigger poll-visible-demo

[90mstdout[2m | tests/compiler.test.ts[2m > [22m[2mproject build manifest[2m > [22m[2mdiscovers layouts, middleware, plugins, server handlers, public config, and page meta
[22m[39mresux build client viteConfig: {
  "root": "/tmp/resux-build-1785530299072",
  "configFile": false,
  "publicDir": false,
  "base": "/__resux/",
  "appType": "custom",
  "clearScreen": false,
  "logLevel": "warn",
  "plugins": [
    {
      "name": "vite:vue",
      "api": {
        "options": {
          "isProduction": false,
          "compiler": null,
          "customElement": {},
          "root": "/home/runner/work/resux/resux",
          "sourceMap": true,
          "cssDevSourcemap": false
        },
        "include": {},
        "version": "6.0.6"
      },
      "resolveId": {
        "filter": {
          "id": [
            {},
            {}
          ]
        }
      },
      "load": {
        "filter": {
          "id": [
            {},
            {}
          ]
        }
      },
      "transform": {}
    }
  ],
  "resolve": {
    "alias": {
      "vue": "/home/runner/work/resux/resux/node_modules/vue/dist/vue.cjs.js",
      "@": "/tmp/resux-build-1785530299072",
      "~": "/tmp/resux-build-1785530299072"
    }
  },
  "build": {
    "outDir": "/tmp/resux-build-1785530299072/.resux/client",
    "emptyOutDir": false,
    "minify": "oxc",
    "sourcemap": false,
    "manifest": false,
    "rollupOptions": {
      "input": {
        "runtime-client": "/tmp/resux-build-1785530299072/.resux/vite-client/runtime-client.mjs",
        "handlers/m0": "/tmp/resux-build-1785530299072/.resux/vite-client/handlers/m0.mjs",
        "handlers/m1": "/tmp/resux-build-1785530299072/.resux/vite-client/handlers/m1.mjs",
        "handlers/m2": "/tmp/resux-build-1785530299072/.resux/vite-client/handlers/m2.mjs",
        "plugins/p0": "/tmp/resux-build-1785530299072/.resux/vite-client/plugins/p0.mjs",
        "middleware/w0": "/tmp/resux-build-1785530299072/.resux/vite-client/middleware/w0.mjs"
      },
      "preserveEntrySignatures": "strict",
      "output": {
        "format": "es",
        "entryFileNames": "[name].mjs",
        "chunkFileNames": "chunks/[name]-[hash].mjs",
        "assetFileNames": "assets/[name]-[hash][extname]"
      }
    }
  }
}

 [32m✓[39m tests/deploy.test.ts [2m([22m[2m6 tests[22m[2m)[22m[32m 42[2mms[22m[39m
[90mstdout[2m | tests/compiler.test.ts[2m > [22m[2mproject build manifest[2m > [22m[2mdiscovers plugins and route middleware recursively with stable mode-aware outputs
[22m[39mresux build client viteConfig: {
  "root": "/tmp/resux-support-files-1785530299271",
  "configFile": false,
  "publicDir": false,
  "base": "/__resux/",
  "appType": "custom",
  "clearScreen": false,
  "logLevel": "warn",
  "plugins": [
    {
      "name": "vite:vue",
      "api": {
        "options": {
          "isProduction": false,
          "compiler": null,
          "customElement": {},
          "root": "/home/runner/work/resux/resux",
          "sourceMap": true,
          "cssDevSourcemap": false
        },
        "include": {},
        "version": "6.0.6"
      },
      "resolveId": {
        "filter": {
          "id": [
            {},
            {}
          ]
        }
      },
      "load": {
        "filter": {
          "id": [
            {},
            {}
          ]
        }
      },
      "transform": {}
    }
  ],
  "resolve": {
    "alias": {
      "vue": "/home/runner/work/resux/resux/node_modules/vue/dist/vue.cjs.js",
      "@": "/tmp/resux-support-files-1785530299271",
      "~": "/tmp/resux-support-files-1785530299271"
    }
  },
  "build": {
    "outDir": "/tmp/resux-support-files-1785530299271/.resux/client",
    "emptyOutDir": false,
    "minify": "oxc",
    "sourcemap": false,
    "manifest": false,
    "rollupOptions": {
      "input": {
        "runtime-client": "/tmp/resux-support-files-1785530299271/.resux/vite-client/runtime-client.mjs",
        "handlers/m0": "/tmp/resux-support-files-1785530299271/.resux/vite-client/handlers/m0.mjs",
        "plugins/p0": "/tmp/resux-support-files-1785530299271/.resux/vite-client/plugins/p0.mjs",
        "plugins/p1": "/tmp/resux-support-files-1785530299271/.resux/vite-client/plugins/p1.mjs",
        "plugins/p2": "/tmp/resux-support-files-1785530299271/.resux/vite-client/plugins/p2.mjs",
        "plugins/p3": "/tmp/resux-support-files-1785530299271/.resux/vite-client/plugins/p3.mjs",
        "middleware/w0": "/tmp/resux-support-files-1785530299271/.resux/vite-client/middleware/w0.mjs",
        "middleware/w1": "/tmp/resux-support-files-1785530299271/.resux/vite-client/middleware/w1.mjs",
        "middleware/w2": "/tmp/resux-support-files-1785530299271/.resux/vite-client/middleware/w2.mjs"
      },
      "preserveEntrySignatures": "strict",
      "output": {
        "format": "es",
        "entryFileNames": "[name].mjs",
        "chunkFileNames": "chunks/[name]-[hash].mjs",
        "assetFileNames": "assets/[name]-[hash][extname]"
      }
    }
  }
}

[90mstdout[2m | tests/compiler.test.ts[2m > [22m[2mproject build manifest[2m > [22m[2mbuilds client enhancement chunks with __resux asset base paths for preview serving
[22m[39mresux build client viteConfig: {
  "root": "/tmp/resux-enhancement-preview-base-1785530299465",
  "configFile": false,
  "publicDir": false,
  "base": "/__resux/",
  "appType": "custom",
  "clearScreen": false,
  "logLevel": "warn",
  "plugins": [
    {
      "name": "vite:vue",
      "api": {
        "options": {
          "isProduction": false,
          "compiler": null,
          "customElement": {},
          "root": "/home/runner/work/resux/resux",
          "sourceMap": true,
          "cssDevSourcemap": false
        },
        "include": {},
        "version": "6.0.6"
      },
      "resolveId": {
        "filter": {
          "id": [
            {},
            {}
          ]
        }
      },
      "load": {
        "filter": {
          "id": [
            {},
            {}
          ]
        }
      },
      "transform": {}
    }
  ],
  "resolve": {
    "alias": {
      "vue": "/home/runner/work/resux/resux/node_modules/vue/dist/vue.cjs.js",
      "@": "/tmp/resux-enhancement-preview-base-1785530299465",
      "~": "/tmp/resux-enhancement-preview-base-1785530299465"
    }
  },
  "build": {
    "outDir": "/tmp/resux-enhancement-preview-base-1785530299465/.resux/client",
    "emptyOutDir": false,
    "minify": "oxc",
    "sourcemap": false,
    "manifest": false,
    "rollupOptions": {
      "input": {
        "runtime-client": "/tmp/resux-enhancement-preview-base-1785530299465/.resux/vite-client/runtime-client.mjs",
        "handlers/m0": "/tmp/resux-enhancement-preview-base-1785530299465/.resux/vite-client/handlers/m0.mjs",
        "plugins/p0": "/tmp/resux-enhancement-preview-base-1785530299465/.resux/vite-client/plugins/p0.mjs"
      },
      "preserveEntrySignatures": "strict",
      "output": {
        "format": "es",
        "entryFileNames": "[name].mjs",
        "chunkFileNames": "chunks/[name]-[hash].mjs",
        "assetFileNames": "assets/[name]-[hash][extname]"
      }
    }
  }
}

[90mstdout[2m | tests/runtime.test.ts[2m > [22m[2mclient resume loader[2m > [22m[2mactivates visible enhancements when visibility polling detects an already-visible element
[22m[39m[resux:enhancement] trigger fired poll-visible-demo

[90mstdout[2m | tests/runtime.test.ts[2m > [22m[2mclient resume loader[2m > [22m[2mactivates visible enhancements when visibility polling detects an already-visible element
[22m[39m[resux:enhancement] setup complete

[90mstdout[2m | tests/compiler.test.ts[2m > [22m[2mproject build manifest[2m > [22m[2mkeeps Resux plugins separate from Nitro plugin auto-discovery folders
[22m[39mresux build client viteConfig: {
  "root": "/tmp/resux-nitro-separation-1785530299679",
  "configFile": false,
  "publicDir": false,
  "base": "/__resux/",
  "appType": "custom",
  "clearScreen": false,
  "logLevel": "warn",
  "plugins": [
    {
      "name": "vite:vue",
      "api": {
        "options": {
          "isProduction": false,
          "compiler": null,
          "customElement": {},
          "root": "/home/runner/work/resux/resux",
          "sourceMap": true,
          "cssDevSourcemap": false
        },
        "include": {},
        "version": "6.0.6"
      },
      "resolveId": {
        "filter": {
          "id": [
            {},
            {}
          ]
        }
      },
      "load": {
        "filter": {
          "id": [
            {},
            {}
          ]
        }
      },
      "transform": {}
    }
  ],
  "resolve": {
    "alias": {
      "vue": "/home/runner/work/resux/resux/node_modules/vue/dist/vue.cjs.js",
      "@": "/tmp/resux-nitro-separation-1785530299679",
      "~": "/tmp/resux-nitro-separation-1785530299679"
    }
  },
  "build": {
    "outDir": "/tmp/resux-nitro-separation-1785530299679/.resux/client",
    "emptyOutDir": false,
    "minify": "oxc",
    "sourcemap": false,
    "manifest": false,
    "rollupOptions": {
      "input": {
        "runtime-client": "/tmp/resux-nitro-separation-1785530299679/.resux/vite-client/runtime-client.mjs",
        "handlers/m0": "/tmp/resux-nitro-separation-1785530299679/.resux/vite-client/handlers/m0.mjs",
        "plugins/p0": "/tmp/resux-nitro-separation-1785530299679/.resux/vite-client/plugins/p0.mjs"
      },
      "preserveEntrySignatures": "strict",
      "output": {
        "format": "es",
        "entryFileNames": "[name].mjs",
        "chunkFileNames": "chunks/[name]-[hash].mjs",
        "assetFileNames": "assets/[name]-[hash][extname]"
      }
    }
  }
}

[90mstdout[2m | tests/runtime.test.ts[2m > [22m[2mclient resume loader[2m > [22m[2msupports immediate client enhancement trigger
[22m[39m[resux:enhancement] runtime loaded

[90mstdout[2m | tests/runtime.test.ts[2m > [22m[2mclient resume loader[2m > [22m[2msupports immediate client enhancement trigger
[22m[39m[resux:enhancement] registered immediate-demo

[90mstdout[2m | tests/runtime.test.ts[2m > [22m[2mclient resume loader[2m > [22m[2msupports immediate client enhancement trigger
[22m[39m[resux:enhancement] manifest loaded

[90mstdout[2m | tests/runtime.test.ts[2m > [22m[2mclient resume loader[2m > [22m[2msupports immediate client enhancement trigger
[22m[39m[resux:enhancement] scanning DOM
[resux:enhancement] found element immediate-demo trigger=immediate
[resux:enhancement] scanning DOM
[resux:enhancement] scanning DOM
[resux:enhancement] scanning DOM

[90mstdout[2m | tests/runtime.test.ts[2m > [22m[2mclient resume loader[2m > [22m[2msupports immediate client enhancement trigger
[22m[39m[resux:enhancement] trigger fired immediate-demo

[90mstdout[2m | tests/runtime.test.ts[2m > [22m[2mclient resume loader[2m > [22m[2msupports immediate client enhancement trigger
[22m[39m[resux:enhancement] setup complete

[90mstdout[2m | tests/compiler.test.ts[2m > [22m[2mproject build manifest[2m > [22m[2mruns configured modules and emits route rules
[22m[39mresux build client viteConfig: {
  "root": "/tmp/resux-modules-1785530299807",
  "configFile": false,
  "publicDir": false,
  "base": "/__resux/",
  "appType": "custom",
  "clearScreen": false,
  "logLevel": "warn",
  "plugins": [
    {
      "name": "vite:vue",
      "api": {
        "options": {
          "isProduction": false,
          "compiler": null,
          "customElement": {},
          "root": "/home/runner/work/resux/resux",
          "sourceMap": true,
          "cssDevSourcemap": false
        },
        "include": {},
        "version": "6.0.6"
      },
      "resolveId": {
        "filter": {
          "id": [
            {},
            {}
          ]
        }
      },
      "load": {
        "filter": {
          "id": [
            {},
            {}
          ]
        }
      },
      "transform": {}
    }
  ],
  "resolve": {
    "alias": {
      "vue": "/home/runner/work/resux/resux/node_modules/vue/dist/vue.cjs.js",
      "@": "/tmp/resux-modules-1785530299807",
      "~": "/tmp/resux-modules-1785530299807"
    }
  },
  "build": {
    "outDir": "/tmp/resux-modules-1785530299807/.resux/client",
    "emptyOutDir": false,
    "minify": "oxc",
    "sourcemap": false,
    "manifest": false,
    "rollupOptions": {
      "input": {
        "runtime-client": "/tmp/resux-modules-1785530299807/.resux/vite-client/runtime-client.mjs",
        "handlers/m0": "/tmp/resux-modules-1785530299807/.resux/vite-client/handlers/m0.mjs"
      },
      "preserveEntrySignatures": "strict",
      "output": {
        "format": "es",
        "entryFileNames": "[name].mjs",
        "chunkFileNames": "chunks/[name]-[hash].mjs",
        "assetFileNames": "assets/[name]-[hash][extname]"
      }
    }
  }
}

[90mstdout[2m | tests/runtime.test.ts[2m > [22m[2mclient resume loader[2m > [22m[2msupports page-load client enhancement trigger after window load
[22m[39m[resux:enhancement] runtime loaded

[90mstdout[2m | tests/compiler.test.ts[2m > [22m[2mproject build manifest[2m > [22m[2mruns built-in module presets
[22m[39mresux build client viteConfig: {
  "root": "/tmp/resux-builtin-modules-1785530299962",
  "configFile": false,
  "publicDir": false,
  "base": "/__resux/",
  "appType": "custom",
  "clearScreen": false,
  "logLevel": "warn",
  "plugins": [
    {
      "name": "vite:vue",
      "api": {
        "options": {
          "isProduction": false,
          "compiler": null,
          "customElement": {},
          "root": "/home/runner/work/resux/resux",
          "sourceMap": true,
          "cssDevSourcemap": false
        },
        "include": {},
        "version": "6.0.6"
      },
      "resolveId": {
        "filter": {
          "id": [
            {},
            {}
          ]
        }
      },
      "load": {
        "filter": {
          "id": [
            {},
            {}
          ]
        }
      },
      "transform": {}
    }
  ],
  "resolve": {
    "alias": {
      "vue": "/home/runner/work/resux/resux/node_modules/vue/dist/vue.cjs.js",
      "@": "/tmp/resux-builtin-modules-1785530299962",
      "~": "/tmp/resux-builtin-modules-1785530299962"
    }
  },
  "build": {
    "outDir": "/tmp/resux-builtin-modules-1785530299962/.resux/client",
    "emptyOutDir": false,
    "minify": "oxc",
    "sourcemap": false,
    "manifest": false,
    "rollupOptions": {
      "input": {
        "runtime-client": "/tmp/resux-builtin-modules-1785530299962/.resux/vite-client/runtime-client.mjs",
        "handlers/m0": "/tmp/resux-builtin-modules-1785530299962/.resux/vite-client/handlers/m0.mjs"
      },
      "preserveEntrySignatures": "strict",
      "output": {
        "format": "es",
        "entryFileNames": "[name].mjs",
        "chunkFileNames": "chunks/[name]-[hash].mjs",
        "assetFileNames": "assets/[name]-[hash][extname]"
      }
    }
  }
}

[90mstdout[2m | tests/runtime.test.ts[2m > [22m[2mclient resume loader[2m > [22m[2msupports page-load client enhancement trigger after window load
[22m[39m[resux:enhancement] registered page-load-demo

[90mstdout[2m | tests/runtime.test.ts[2m > [22m[2mclient resume loader[2m > [22m[2msupports page-load client enhancement trigger after window load
[22m[39m[resux:enhancement] manifest loaded

[90mstdout[2m | tests/runtime.test.ts[2m > [22m[2mclient resume loader[2m > [22m[2msupports page-load client enhancement trigger after window load
[22m[39m[resux:enhancement] scanning DOM
[resux:enhancement] found element page-load-demo trigger=page-load
[resux:enhancement] scanning DOM
[resux:enhancement] scanning DOM
[resux:enhancement] scanning DOM

[90mstdout[2m | tests/runtime.test.ts[2m > [22m[2mclient resume loader[2m > [22m[2msupports page-load client enhancement trigger after window load
[22m[39m[resux:enhancement] trigger fired page-load-demo

[90mstdout[2m | tests/runtime.test.ts[2m > [22m[2mclient resume loader[2m > [22m[2msupports page-load client enhancement trigger after window load
[22m[39m[resux:enhancement] setup complete
[resux:enhancement] scanning DOM
[resux:enhancement] scanning DOM
[resux:enhancement] scanning DOM

[90mstdout[2m | tests/runtime.test.ts[2m > [22m[2mclient resume loader[2m > [22m[2mpasses parsed data-resux-options to client enhancements
[22m[39m[resux:enhancement] runtime loaded

[90mstdout[2m | tests/runtime.test.ts[2m > [22m[2mclient resume loader[2m > [22m[2mpasses parsed data-resux-options to client enhancements
[22m[39m[resux:enhancement] registered options-demo

[90mstdout[2m | tests/runtime.test.ts[2m > [22m[2mclient resume loader[2m > [22m[2mpasses parsed data-resux-options to client enhancements
[22m[39m[resux:enhancement] manifest loaded

[90mstdout[2m | tests/runtime.test.ts[2m > [22m[2mclient resume loader[2m > [22m[2mpasses parsed data-resux-options to client enhancements
[22m[39m[resux:enhancement] scanning DOM
[resux:enhancement] found element options-demo trigger=immediate
[resux:enhancement] scanning DOM
[resux:enhancement] scanning DOM
[resux:enhancement] scanning DOM

[90mstdout[2m | tests/runtime.test.ts[2m > [22m[2mclient resume loader[2m > [22m[2mpasses parsed data-resux-options to client enhancements
[22m[39m[resux:enhancement] trigger fired options-demo

[90mstdout[2m | tests/runtime.test.ts[2m > [22m[2mclient resume loader[2m > [22m[2mpasses parsed data-resux-options to client enhancements
[22m[39m[resux:enhancement] setup complete

[90mstdout[2m | tests/compiler.test.ts[2m > [22m[2mproject build manifest[2m > [22m[2mruns tree-shakable UI, icon, and font module subpaths
[22m[39mresux build client viteConfig: {
  "root": "/tmp/resux-ui-modules-1785530300193",
  "configFile": false,
  "publicDir": false,
  "base": "/__resux/",
  "appType": "custom",
  "clearScreen": false,
  "logLevel": "warn",
  "plugins": [
    {
      "name": "vite:vue",
      "api": {
        "options": {
          "isProduction": false,
          "compiler": null,
          "customElement": {},
          "root": "/home/runner/work/resux/resux",
          "sourceMap": true,
          "cssDevSourcemap": false
        },
        "include": {},
        "version": "6.0.6"
      },
      "resolveId": {
        "filter": {
          "id": [
            {},
            {}
          ]
        }
      },
      "load": {
        "filter": {
          "id": [
            {},
            {}
          ]
        }
      },
      "transform": {}
    }
  ],
  "resolve": {
    "alias": {
      "vue": "/home/runner/work/resux/resux/node_modules/vue/dist/vue.cjs.js",
      "@": "/tmp/resux-ui-modules-1785530300193",
      "~": "/tmp/resux-ui-modules-1785530300193"
    }
  },
  "build": {
    "outDir": "/tmp/resux-ui-modules-1785530300193/.resux/client",
    "emptyOutDir": false,
    "minify": "oxc",
    "sourcemap": false,
    "manifest": false,
    "rollupOptions": {
      "input": {
        "runtime-client": "/tmp/resux-ui-modules-1785530300193/.resux/vite-client/runtime-client.mjs",
        "handlers/m0": "/tmp/resux-ui-modules-1785530300193/.resux/vite-client/handlers/m0.mjs"
      },
      "preserveEntrySignatures": "strict",
      "output": {
        "format": "es",
        "entryFileNames": "[name].mjs",
        "chunkFileNames": "chunks/[name]-[hash].mjs",
        "assetFileNames": "assets/[name]-[hash][extname]"
      }
    }
  }
}

[90mstdout[2m | tests/runtime.test.ts[2m > [22m[2mclient resume loader[2m > [22m[2mreports parse errors when data-resux-options contains invalid JSON
[22m[39m[resux:enhancement] runtime loaded

[90mstdout[2m | tests/runtime.test.ts[2m > [22m[2mclient resume loader[2m > [22m[2mreports parse errors when data-resux-options contains invalid JSON
[22m[39m[resux:enhancement] registered options-error-demo

[90mstdout[2m | tests/runtime.test.ts[2m > [22m[2mclient resume loader[2m > [22m[2mreports parse errors when data-resux-options contains invalid JSON
[22m[39m[resux:enhancement] manifest loaded

[90mstdout[2m | tests/runtime.test.ts[2m > [22m[2mclient resume loader[2m > [22m[2mreports parse errors when data-resux-options contains invalid JSON
[22m[39m[resux:enhancement] scanning DOM
[resux:enhancement] scanning DOM
[resux:enhancement] scanning DOM
[resux:enhancement] scanning DOM

[90mstdout[2m | tests/runtime.test.ts[2m > [22m[2mclient resume loader[2m > [22m[2mmarks missing client enhancements with friendly errors instead of staying pending
[22m[39m[resux:enhancement] runtime loaded

[90mstdout[2m | tests/runtime.test.ts[2m > [22m[2mclient resume loader[2m > [22m[2mmarks missing client enhancements with friendly errors instead of staying pending
[22m[39m[resux:enhancement] manifest loaded

[90mstdout[2m | tests/runtime.test.ts[2m > [22m[2mclient resume loader[2m > [22m[2mmarks missing client enhancements with friendly errors instead of staying pending
[22m[39m[resux:enhancement] scanning DOM
[resux:enhancement] found element missing-enhancement trigger=visible
[resux:enhancement] scanning DOM
[resux:enhancement] scanning DOM
[resux:enhancement] scanning DOM

[90mstdout[2m | tests/compiler.test.ts[2m > [22m[2mproject build manifest[2m > [22m[2mdiscovers and bundles Vue islands
[22m[39mresux build client viteConfig: {
  "root": "/tmp/resux-vue-islands-1785530300629",
  "configFile": false,
  "publicDir": false,
  "base": "/__resux/",
  "appType": "custom",
  "clearScreen": false,
  "logLevel": "warn",
  "plugins": [
    {
      "name": "vite:vue",
      "api": {
        "options": {
          "isProduction": false,
          "compiler": null,
          "customElement": {},
          "root": "/home/runner/work/resux/resux",
          "sourceMap": true,
          "cssDevSourcemap": false
        },
        "include": {},
        "version": "6.0.6"
      },
      "resolveId": {
        "filter": {
          "id": [
            {},
            {}
          ]
        }
      },
      "load": {
        "filter": {
          "id": [
            {},
            {}
          ]
        }
      },
      "transform": {}
    }
  ],
  "resolve": {
    "alias": {
      "vue": "/home/runner/work/resux/resux/node_modules/vue/dist/vue.cjs.js",
      "@": "/tmp/resux-vue-islands-1785530300629",
      "~": "/tmp/resux-vue-islands-1785530300629"
    }
  },
  "build": {
    "outDir": "/tmp/resux-vue-islands-1785530300629/.resux/client",
    "emptyOutDir": false,
    "minify": "oxc",
    "sourcemap": false,
    "manifest": false,
    "rollupOptions": {
      "input": {
        "runtime-client": "/tmp/resux-vue-islands-1785530300629/.resux/vite-client/runtime-client.mjs",
        "handlers/m0": "/tmp/resux-vue-islands-1785530300629/.resux/vite-client/handlers/m0.mjs",
        "vue-islands/CounterIsland": "/tmp/resux-vue-islands-1785530300629/.resux/vite-client/vue-islands/CounterIsland.mjs"
      },
      "preserveEntrySignatures": "strict",
      "output": {
        "format": "es",
        "entryFileNames": "[name].mjs",
        "chunkFileNames": "chunks/[name]-[hash].mjs",
        "assetFileNames": "assets/[name]-[hash][extname]"
      }
    }
  }
}

[90mstdout[2m | tests/runtime.test.ts[2m > [22m[2mclient resume loader[2m > [22m[2msupports keyboard interaction trigger for client enhancements
[22m[39m[resux:enhancement] runtime loaded

[90mstdout[2m | tests/runtime.test.ts[2m > [22m[2mclient resume loader[2m > [22m[2msupports keyboard interaction trigger for client enhancements
[22m[39m[resux:enhancement] registered interaction-keyboard-demo

[90mstdout[2m | tests/runtime.test.ts[2m > [22m[2mclient resume loader[2m > [22m[2msupports keyboard interaction trigger for client enhancements
[22m[39m[resux:enhancement] manifest loaded

[90mstdout[2m | tests/runtime.test.ts[2m > [22m[2mclient resume loader[2m > [22m[2msupports keyboard interaction trigger for client enhancements
[22m[39m[resux:enhancement] scanning DOM
[resux:enhancement] found element interaction-keyboard-demo trigger=interaction
[resux:enhancement] scanning DOM
[resux:enhancement] scanning DOM
[resux:enhancement] scanning DOM

 [32m✓[39m tests/compiler.test.ts [2m([22m[2m45 tests[22m[2m)[22m[33m 2509[2mms[22m[39m
     [33m[2m✓[22m[39m runs tree-shakable UI, icon, and font module subpaths [33m 360[2mms[22m[39m
[90mstdout[2m | tests/runtime.test.ts[2m > [22m[2mclient resume loader[2m > [22m[2msupports keyboard interaction trigger for client enhancements
[22m[39m[resux:enhancement] trigger fired interaction-keyboard-demo

[90mstdout[2m | tests/runtime.test.ts[2m > [22m[2mclient resume loader[2m > [22m[2msupports keyboard interaction trigger for client enhancements
[22m[39m[resux:enhancement] setup complete

[90mstdout[2m | tests/runtime.test.ts[2m > [22m[2mclient resume loader[2m > [22m[2memits package loading/loaded/css events when a client package enhancement resolves
[22m[39m[resux:enhancement] runtime loaded

[90mstdout[2m | tests/runtime.test.ts[2m > [22m[2mclient resume loader[2m > [22m[2memits package loading/loaded/css events when a client package enhancement resolves
[22m[39m[resux:enhancement] registered package-events-demo

[90mstdout[2m | tests/runtime.test.ts[2m > [22m[2mclient resume loader[2m > [22m[2memits package loading/loaded/css events when a client package enhancement resolves
[22m[39m[resux:enhancement] manifest loaded

[90mstdout[2m | tests/runtime.test.ts[2m > [22m[2mclient resume loader[2m > [22m[2memits package loading/loaded/css events when a client package enhancement resolves
[22m[39m[resux:enhancement] scanning DOM
[resux:enhancement] found element package-events-demo trigger=immediate
[resux:enhancement] scanning DOM
[resux:enhancement] scanning DOM
[resux:enhancement] scanning DOM

[90mstdout[2m | tests/runtime.test.ts[2m > [22m[2mclient resume loader[2m > [22m[2memits package loading/loaded/css events when a client package enhancement resolves
[22m[39m[resux:enhancement] trigger fired package-events-demo

[90mstdout[2m | tests/runtime.test.ts[2m > [22m[2mclient resume loader[2m > [22m[2memits package loading/loaded/css events when a client package enhancement resolves
[22m[39m[resux:enhancement] setup complete

[90mstdout[2m | tests/node-middleware.test.ts[2m > [22m[2mroute middleware and server middleware integration[2m > [22m[2mruns global + named route middleware on SSR and preserves server/middleware behavior
[22m[39mresux build client viteConfig: {
  "root": "/tmp/resux-node-middleware-1785530301011",
  "configFile": false,
  "publicDir": false,
  "base": "/__resux/",
  "appType": "custom",
  "clearScreen": false,
  "logLevel": "warn",
  "plugins": [
    {
      "name": "vite:vue",
      "api": {
        "options": {
          "isProduction": false,
          "compiler": null,
          "customElement": {},
          "root": "/home/runner/work/resux/resux",
          "sourceMap": true,
          "cssDevSourcemap": false
        },
        "include": {},
        "version": "6.0.6"
      },
      "resolveId": {
        "filter": {
          "id": [
            {},
            {}
          ]
        }
      },
      "load": {
        "filter": {
          "id": [
            {},
            {}
          ]
        }
      },
      "transform": {}
    }
  ],
  "resolve": {
    "alias": {
      "vue": "/home/runner/work/resux/resux/node_modules/vue/dist/vue.cjs.js",
      "@": "/tmp/resux-node-middleware-1785530301011",
      "~": "/tmp/resux-node-middleware-1785530301011"
    }
  },
  "build": {
    "outDir": "/tmp/resux-node-middleware-1785530301011/.resux/client",
    "emptyOutDir": false,
    "minify": "oxc",
    "sourcemap": false,
    "manifest": false,
    "rollupOptions": {
      "input": {
        "runtime-client": "/tmp/resux-node-middleware-1785530301011/.resux/vite-client/runtime-client.mjs",
        "handlers/m0": "/tmp/resux-node-middleware-1785530301011/.resux/vite-client/handlers/m0.mjs",
        "handlers/m1": "/tmp/resux-node-middleware-1785530301011/.resux/vite-client/handlers/m1.mjs",
        "handlers/m2": "/tmp/resux-node-middleware-1785530301011/.resux/vite-client/handlers/m2.mjs",
        "handlers/m3": "/tmp/resux-node-middleware-1785530301011/.resux/vite-client/handlers/m3.mjs",
        "middleware/w0": "/tmp/resux-node-middleware-1785530301011/.resux/vite-client/middleware/w0.mjs",
        "middleware/w1": "/tmp/resux-node-middleware-1785530301011/.resux/vite-client/middleware/w1.mjs",
        "middleware/w2": "/tmp/resux-node-middleware-1785530301011/.resux/vite-client/middleware/w2.mjs"
      },
      "preserveEntrySignatures": "strict",
      "output": {
        "format": "es",
        "entryFileNames": "[name].mjs",
        "chunkFileNames": "chunks/[name]-[hash].mjs",
        "assetFileNames": "assets/[name]-[hash][extname]"
      }
    }
  }
}

[90mstdout[2m | tests/runtime.test.ts[2m > [22m[2mclient resume loader[2m > [22m[2memits package error events when a configured client package is missing from the generated registry
[22m[39m[resux:enhancement] runtime loaded

[90mstdout[2m | tests/runtime.test.ts[2m > [22m[2mclient resume loader[2m > [22m[2memits package error events when a configured client package is missing from the generated registry
[22m[39m[resux:enhancement] registered package-error-demo

[90mstdout[2m | tests/runtime.test.ts[2m > [22m[2mclient resume loader[2m > [22m[2memits package error events when a configured client package is missing from the generated registry
[22m[39m[resux:enhancement] manifest loaded

[90mstdout[2m | tests/runtime.test.ts[2m > [22m[2mclient resume loader[2m > [22m[2memits package error events when a configured client package is missing from the generated registry
[22m[39m[resux:enhancement] scanning DOM
[resux:enhancement] found element package-error-demo trigger=immediate
[resux:enhancement] scanning DOM
[resux:enhancement] scanning DOM
[resux:enhancement] scanning DOM

[90mstdout[2m | tests/runtime.test.ts[2m > [22m[2mclient resume loader[2m > [22m[2memits package error events when a configured client package is missing from the generated registry
[22m[39m[resux:enhancement] trigger fired package-error-demo

[90mstdout[2m | tests/client-enhancement-lifecycle.test.ts[2m > [22m[2mclient enhancement lifecycle performance[2m > [22m[2mshares one visibility observer across pending enhancements
[22m[39m[resux:enhancement] runtime loaded

[90mstdout[2m | tests/client-enhancement-lifecycle.test.ts[2m > [22m[2mclient enhancement lifecycle performance[2m > [22m[2mshares one visibility observer across pending enhancements
[22m[39m[resux:enhancement] registered shared-visible

[90mstdout[2m | tests/client-enhancement-lifecycle.test.ts[2m > [22m[2mclient enhancement lifecycle performance[2m > [22m[2mshares one visibility observer across pending enhancements
[22m[39m[resux:enhancement] manifest loaded

[90mstdout[2m | tests/client-enhancement-lifecycle.test.ts[2m > [22m[2mclient enhancement lifecycle performance[2m > [22m[2mshares one visibility observer across pending enhancements
[22m[39m[resux:enhancement] scanning DOM
[resux:enhancement] found element shared-visible trigger=visible
[resux:enhancement] scanning DOM
[resux:enhancement] found element shared-visible trigger=visible
[resux:enhancement] scanning DOM
[resux:enhancement] scanning DOM

[90mstdout[2m | tests/client-enhancement-lifecycle.test.ts[2m > [22m[2mclient enhancement lifecycle performance[2m > [22m[2mshares one visibility observer across pending enhancements
[22m[39m[resux:enhancement] observing visible trigger shared-visible
[resux:enhancement] observing visible trigger shared-visible

[90mstdout[2m | tests/client-enhancement-lifecycle.test.ts[2m > [22m[2mclient enhancement lifecycle performance[2m > [22m[2mshares one visibility observer across pending enhancements
[22m[39m[resux:enhancement] trigger fired shared-visible
[resux:enhancement] trigger fired shared-visible
[resux:enhancement] setup complete
[resux:enhancement] setup complete

[90mstdout[2m | tests/runtime.test.ts[2m > [22m[2mclient resume loader[2m > [22m[2mignores same-route link clicks without refetching route payloads
[22m[39m[resux:enhancement] runtime loaded

[90mstdout[2m | tests/node-middleware.test.ts[2m > [22m[2mroute middleware and server middleware integration[2m > [22m[2mreturns safe responses for malformed paths, unknown routes, and missing image sources
[22m[39mresux build client viteConfig: {
  "root": "/tmp/resux-node-safe-routes-1785530301619",
  "configFile": false,
  "publicDir": false,
  "base": "/__resux/",
  "appType": "custom",
  "clearScreen": false,
  "logLevel": "warn",
  "plugins": [
    {
      "name": "vite:vue",
      "api": {
        "options": {
          "isProduction": false,
          "compiler": null,
          "customElement": {},
          "root": "/home/runner/work/resux/resux",
          "sourceMap": true,
          "cssDevSourcemap": false
        },
        "include": {},
        "version": "6.0.6"
      },
      "resolveId": {
        "filter": {
          "id": [
            {},
            {}
          ]
        }
      },
      "load": {
        "filter": {
          "id": [
            {},
            {}
          ]
        }
      },
      "transform": {}
    }
  ],
  "resolve": {
    "alias": {
      "vue": "/home/runner/work/resux/resux/node_modules/vue/dist/vue.cjs.js",
      "@": "/tmp/resux-node-safe-routes-1785530301619",
      "~": "/tmp/resux-node-safe-routes-1785530301619"
    }
  },
  "build": {
    "outDir": "/tmp/resux-node-safe-routes-1785530301619/.resux/client",
    "emptyOutDir": false,
    "minify": "oxc",
    "sourcemap": false,
    "manifest": false,
    "rollupOptions": {
      "input": {
        "runtime-client": "/tmp/resux-node-safe-routes-1785530301619/.resux/vite-client/runtime-client.mjs",
        "handlers/m0": "/tmp/resux-node-safe-routes-1785530301619/.resux/vite-client/handlers/m0.mjs"
      },
      "preserveEntrySignatures": "strict",
      "output": {
        "format": "es",
        "entryFileNames": "[name].mjs",
        "chunkFileNames": "chunks/[name]-[hash].mjs",
        "assetFileNames": "assets/[name]-[hash][extname]"
      }
    }
  }
}

[90mstderr[2m | tests/runtime.test.ts[2m > [22m[2mclient resume loader[2m > [22m[2mresumes pending async data and patches skeleton blocks
[22m[39m[resux:enhancement] failed to load manifest: Cannot find module '/__resux/client-enhancements.mjs' imported from /tmp/resux-same-route-1785530301339/runtime-client.mjs

[90mstdout[2m | tests/runtime.test.ts[2m > [22m[2mclient resume loader[2m > [22m[2mresumes pending async data and patches skeleton blocks
[22m[39m[resux:enhancement] scanning DOM
[resux:enhancement] scanning DOM
[resux:enhancement] scanning DOM
[resux:enhancement] scanning DOM

[90mstdout[2m | tests/client-enhancement-lifecycle.test.ts[2m > [22m[2mclient enhancement lifecycle performance[2m > [22m[2mcancels pending interaction triggers during global cleanup
[22m[39m[resux:enhancement] runtime loaded

[90mstdout[2m | tests/client-enhancement-lifecycle.test.ts[2m > [22m[2mclient enhancement lifecycle performance[2m > [22m[2mcancels pending interaction triggers during global cleanup
[22m[39m[resux:enhancement] registered pending-interaction

[90mstdout[2m | tests/client-enhancement-lifecycle.test.ts[2m > [22m[2mclient enhancement lifecycle performance[2m > [22m[2mcancels pending interaction triggers during global cleanup
[22m[39m[resux:enhancement] manifest loaded

[90mstdout[2m | tests/client-enhancement-lifecycle.test.ts[2m > [22m[2mclient enhancement lifecycle performance[2m > [22m[2mcancels pending interaction triggers during global cleanup
[22m[39m[resux:enhancement] scanning DOM
[resux:enhancement] found element pending-interaction trigger=interaction
[resux:enhancement] scanning DOM
[resux:enhancement] scanning DOM
[resux:enhancement] scanning DOM

[90mstdout[2m | tests/runtime.test.ts[2m > [22m[2mclient resume loader[2m > [22m[2mresumes pending async data and patches skeleton blocks
[22m[39m[resux:enhancement] runtime loaded

[90mstderr[2m | tests/runtime.test.ts[2m > [22m[2mclient resume loader[2m > [22m[2mresumes pending async data and patches skeleton blocks
[22m[39m[resux:enhancement] failed to load manifest: Cannot find module '/__resux/client-enhancements.mjs' imported from /tmp/resux-pending-1785530301641/runtime-client.mjs

[90mstdout[2m | tests/runtime.test.ts[2m > [22m[2mclient resume loader[2m > [22m[2mresumes pending async data and patches skeleton blocks
[22m[39m[resux:enhancement] scanning DOM
[resux:enhancement] scanning DOM
[resux:enhancement] scanning DOM
[resux:enhancement] scanning DOM

 [32m✓[39m tests/node-middleware.test.ts [2m([22m[2m2 tests[22m[2m)[22m[33m 903[2mms[22m[39m
     [33m[2m✓[22m[39m runs global + named route middleware on SSR and preserves server/middleware behavior [33m 608[2mms[22m[39m
[90mstdout[2m | tests/runtime.test.ts[2m > [22m[2mclient resume loader[2m > [22m[2mresumes pending async data and patches skeleton blocks
[22m[39m[resux:enhancement] scanning DOM
[resux:enhancement] scanning DOM

[90mstdout[2m | tests/client-enhancement-lifecycle.test.ts[2m > [22m[2mclient enhancement lifecycle performance[2m > [22m[2mscans the supplied root element itself
[22m[39m[resux:enhancement] runtime loaded

[90mstdout[2m | tests/client-enhancement-lifecycle.test.ts[2m > [22m[2mclient enhancement lifecycle performance[2m > [22m[2mscans the supplied root element itself
[22m[39m[resux:enhancement] registered root-element

[90mstdout[2m | tests/client-enhancement-lifecycle.test.ts[2m > [22m[2mclient enhancement lifecycle performance[2m > [22m[2mscans the supplied root element itself
[22m[39m[resux:enhancement] manifest loaded

[90mstdout[2m | tests/client-enhancement-lifecycle.test.ts[2m > [22m[2mclient enhancement lifecycle performance[2m > [22m[2mscans the supplied root element itself
[22m[39m[resux:enhancement] scanning DOM
[resux:enhancement] found element root-element trigger=immediate
[resux:enhancement] scanning DOM
[resux:enhancement] scanning DOM
[resux:enhancement] scanning DOM
[resux:enhancement] scanning DOM

[90mstdout[2m | tests/client-enhancement-lifecycle.test.ts[2m > [22m[2mclient enhancement lifecycle performance[2m > [22m[2mscans the supplied root element itself
[22m[39m[resux:enhancement] trigger fired root-element

[90mstdout[2m | tests/client-enhancement-lifecycle.test.ts[2m > [22m[2mclient enhancement lifecycle performance[2m > [22m[2mscans the supplied root element itself
[22m[39m[resux:enhancement] setup complete

 [32m✓[39m tests/client-enhancement-lifecycle.test.ts [2m([22m[2m3 tests[22m[2m)[22m[33m 994[2mms[22m[39m
     [33m[2m✓[22m[39m cancels pending interaction triggers during global cleanup [33m 309[2mms[22m[39m
     [33m[2m✓[22m[39m scans the supplied root element itself [33m 394[2mms[22m[39m
[90mstdout[2m | tests/runtime.test.ts[2m > [22m[2mclient resume loader[2m > [22m[2mclears pending async-data skeletons and renders an error when fetch fails
[22m[39m[resux:enhancement] runtime loaded

[90mstderr[2m | tests/runtime.test.ts[2m > [22m[2mclient resume loader[2m > [22m[2mclears pending async-data skeletons and renders an error when fetch fails
[22m[39m[resux:enhancement] failed to load manifest: Cannot find module '/__resux/client-enhancements.mjs' imported from /tmp/resux-pending-error-1785530302129/runtime-client.mjs

[90mstdout[2m | tests/runtime.test.ts[2m > [22m[2mclient resume loader[2m > [22m[2mclears pending async-data skeletons and renders an error when fetch fails
[22m[39m[resux:enhancement] scanning DOM
[resux:enhancement] scanning DOM
[resux:enhancement] scanning DOM
[resux:enhancement] scanning DOM

 [32m✓[39m tests/i18n.test.ts [2m([22m[2m4 tests[22m[2m)[22m[32m 12[2mms[22m[39m
[90mstdout[2m | tests/runtime.test.ts[2m > [22m[2mclient resume loader[2m > [22m[2mclears pending async-data skeletons and renders an error when fetch fails
[22m[39m[resux:enhancement] scanning DOM
[resux:enhancement] scanning DOM

 [31m❯[39m tests/fonts.test.ts [2m([22m[2m6 tests[22m[2m | [22m[31m1 failed[39m[2m)[22m[32m 15[2mms[22m[39m
     [32m✓[39m defaults to eager loading for all fonts[32m 4[2mms[22m[39m
[31m     [31m×[31m supports global lazy strategy for all fonts[39m[32m 7[2mms[22m[39m
     [32m✓[39m allows mixing eager and lazy fonts with per-font control[32m 1[2mms[22m[39m
     [32m✓[39m allows per-font deferUntilPageLoad: false to override global deferUntilPageLoad[32m 0[2mms[22m[39m
     [32m✓[39m supports per-font strategy: 'preload'[32m 0[2mms[22m[39m
     [32m✓[39m suppresses preconnect links when preconnect is false[32m 0[2mms[22m[39m
[90mstdout[2m | tests/runtime.test.ts[2m > [22m[2mclient resume loader[2m > [22m[2mrenders successful async data when another pending request fails
[22m[39m[resux:enhancement] runtime loaded

[90mstderr[2m | tests/runtime.test.ts[2m > [22m[2mclient resume loader[2m > [22m[2mrenders successful async data when another pending request fails
[22m[39m[resux:enhancement] failed to load manifest: Cannot find module '/__resux/client-enhancements.mjs' imported from /tmp/resux-partial-1785530302527/runtime-client.mjs

[90mstdout[2m | tests/runtime.test.ts[2m > [22m[2mclient resume loader[2m > [22m[2mrenders successful async data when another pending request fails
[22m[39m[resux:enhancement] scanning DOM
[resux:enhancement] scanning DOM
[resux:enhancement] scanning DOM
[resux:enhancement] scanning DOM

 [32m✓[39m tests/ui.test.ts [2m([22m[2m3 tests[22m[2m)[22m[32m 6[2mms[22m[39m
[90mstdout[2m | tests/runtime.test.ts[2m > [22m[2mclient resume loader[2m > [22m[2mrenders successful async data when another pending request fails
[22m[39m[resux:enhancement] scanning DOM
[resux:enhancement] scanning DOM

[90mstdout[2m | tests/runtime.test.ts[2m > [22m[2mclient resume loader[2m > [22m[2mimports the handler chunk on interaction and reuses the resumed scope
[22m[39m[resux:enhancement] runtime loaded

[90mstderr[2m | tests/runtime.test.ts[2m > [22m[2mclient resume loader[2m > [22m[2mimports the handler chunk on interaction and reuses the resumed scope
[22m[39m[resux:enhancement] failed to load manifest: Cannot find module '/__resux/client-enhancements.mjs' imported from /tmp/resux-1785530302994/runtime-client.mjs

[90mstdout[2m | tests/runtime.test.ts[2m > [22m[2mclient resume loader[2m > [22m[2mimports the handler chunk on interaction and reuses the resumed scope
[22m[39m[resux:enhancement] scanning DOM
[resux:enhancement] scanning DOM
[resux:enhancement] scanning DOM
[resux:enhancement] scanning DOM

 [32m✓[39m tests/halal-integrity-regressions.test.ts [2m([22m[2m4 tests[22m[2m)[22m[32m 11[2mms[22m[39m
[90mstdout[2m | tests/client-enhancement-shared-target.test.ts[2m > [22m[2mshared visible enhancement targets[2m > [22m[2mactivates every pending enhancement registered on the same element
[22m[39m[resux:enhancement] runtime loaded

[90mstdout[2m | tests/client-enhancement-shared-target.test.ts[2m > [22m[2mshared visible enhancement targets[2m > [22m[2mactivates every pending enhancement registered on the same element
[22m[39m[resux:enhancement] registered first-visible

[90mstdout[2m | tests/client-enhancement-shared-target.test.ts[2m > [22m[2mshared visible enhancement targets[2m > [22m[2mactivates every pending enhancement registered on the same element
[22m[39m[resux:enhancement] registered second-visible

[90mstdout[2m | tests/client-enhancement-shared-target.test.ts[2m > [22m[2mshared visible enhancement targets[2m > [22m[2mactivates every pending enhancement registered on the same element
[22m[39m[resux:enhancement] manifest loaded

[90mstdout[2m | tests/client-enhancement-shared-target.test.ts[2m > [22m[2mshared visible enhancement targets[2m > [22m[2mactivates every pending enhancement registered on the same element
[22m[39m[resux:enhancement] scanning DOM
[resux:enhancement] scanning DOM
[resux:enhancement] scanning DOM
[resux:enhancement] scanning DOM
[resux:enhancement] observing visible trigger first-visible

[90mstdout[2m | tests/client-enhancement-shared-target.test.ts[2m > [22m[2mshared visible enhancement targets[2m > [22m[2mactivates every pending enhancement registered on the same element
[22m[39m[resux:enhancement] observing visible trigger second-visible

[90mstdout[2m | tests/client-enhancement-shared-target.test.ts[2m > [22m[2mshared visible enhancement targets[2m > [22m[2mactivates every pending enhancement registered on the same element
[22m[39m[resux:enhancement] trigger fired first-visible
[resux:enhancement] trigger fired second-visible
[resux:enhancement] setup complete
[resux:enhancement] setup complete

 [32m✓[39m tests/client-enhancement-shared-target.test.ts [2m([22m[2m1 test[22m[2m)[22m[33m 469[2mms[22m[39m
     [33m[2m✓[22m[39m activates every pending enhancement registered on the same element [33m 467[2mms[22m[39m
[90mstdout[2m | tests/runtime.test.ts[2m > [22m[2mclient resume loader[2m > [22m[2mnavigates programmatically with useRouter from a resumed handler
[22m[39m[resux:enhancement] runtime loaded

[90mstderr[2m | tests/runtime.test.ts[2m > [22m[2mclient resume loader[2m > [22m[2mnavigates programmatically with useRouter from a resumed handler
[22m[39m[resux:enhancement] failed to load manifest: Cannot find module '/__resux/client-enhancements.mjs' imported from /tmp/resux-router-1785530303463/runtime-client.mjs

[90mstdout[2m | tests/runtime.test.ts[2m > [22m[2mclient resume loader[2m > [22m[2mnavigates programmatically with useRouter from a resumed handler
[22m[39m[resux:enhancement] scanning DOM
[resux:enhancement] scanning DOM
[resux:enhancement] scanning DOM
[resux:enhancement] scanning DOM

[90mstdout[2m | tests/runtime.test.ts[2m > [22m[2mclient resume loader[2m > [22m[2mnavigates programmatically with useRouter from a resumed handler
[22m[39m[resux:enhancement] runtime loaded

[90mstdout[2m | tests/runtime.test.ts[2m > [22m[2mclient resume loader[2m > [22m[2mnavigates programmatically with useRouter from a resumed handler
[22m[39m[resux:enhancement] scanning DOM

[90mstderr[2m | tests/runtime.test.ts[2m > [22m[2mclient resume loader[2m > [22m[2mapplies resumable event modifiers before running handlers
[22m[39m[resux:enhancement] failed to load manifest: Cannot find module '/__resux/client-enhancements.mjs' imported from /tmp/resux-router-1785530303463/runtime-client.mjs

[90mstdout[2m | tests/runtime.test.ts[2m > [22m[2mclient resume loader[2m > [22m[2mapplies resumable event modifiers before running handlers
[22m[39m[resux:enhancement] scanning DOM

 [32m✓[39m tests/reactivity.test.ts [2m([22m[2m10 tests[22m[2m)[22m[32m 8[2mms[22m[39m
[90mstdout[2m | tests/runtime.test.ts[2m > [22m[2mclient resume loader[2m > [22m[2mapplies resumable event modifiers before running handlers
[22m[39m[resux:enhancement] runtime loaded

[90mstderr[2m | tests/runtime.test.ts[2m > [22m[2mclient resume loader[2m > [22m[2mapplies resumable event modifiers before running handlers
[22m[39m[resux:enhancement] failed to load manifest: Cannot find module '/__resux/client-enhancements.mjs' imported from /tmp/resux-modifiers-1785530303845/runtime-client.mjs

[90mstdout[2m | tests/runtime.test.ts[2m > [22m[2mclient resume loader[2m > [22m[2mapplies resumable event modifiers before running handlers
[22m[39m[resux:enhancement] scanning DOM
[resux:enhancement] scanning DOM
[resux:enhancement] scanning DOM
[resux:enhancement] scanning DOM

[90mstdout[2m | tests/runtime.test.ts[2m > [22m[2mclient resume loader[2m > [22m[2mresumes v-model handlers and mounted callbacks on first interaction
[22m[39m[resux:enhancement] runtime loaded

[90mstderr[2m | tests/runtime.test.ts[2m > [22m[2mclient resume loader[2m > [22m[2mresumes v-model handlers and mounted callbacks on first interaction
[22m[39m[resux:enhancement] failed to load manifest: Cannot find module '/__resux/client-enhancements.mjs' imported from /tmp/resux-model-1785530304252/runtime-client.mjs

[90mstdout[2m | tests/runtime.test.ts[2m > [22m[2mclient resume loader[2m > [22m[2mresumes v-model handlers and mounted callbacks on first interaction
[22m[39m[resux:enhancement] scanning DOM
[resux:enhancement] scanning DOM
[resux:enhancement] scanning DOM
[resux:enhancement] scanning DOM

[90mstdout[2m | tests/runtime.test.ts[2m > [22m[2mclient resume loader[2m > [22m[2mintercepts internal links and swaps the route payload without a document reload
[22m[39m[resux:enhancement] runtime loaded

[90mstdout[2m | tests/runtime.test.ts[2m > [22m[2mclient resume loader[2m > [22m[2mnormalizes preload head links on client navigation updates
[22m[39m[resux:enhancement] scanning DOM
[resux:enhancement] scanning DOM
[resux:enhancement] scanning DOM
[resux:enhancement] scanning DOM
[resux:enhancement] scanning DOM
[resux:enhancement] scanning DOM

 [32m✓[39m tests/generated-reactivity-regressions.test.ts [2m([22m[2m3 tests[22m[2m)[22m[33m 698[2mms[22m[39m
[90mstdout[2m | tests/runtime.test.ts[2m > [22m[2mclient resume loader[2m > [22m[2mnormalizes preload head links on client navigation updates
[22m[39m[resux:enhancement] runtime loaded

[90mstdout[2m | tests/runtime.test.ts[2m > [22m[2mclient resume loader[2m > [22m[2mnormalizes preload head links on client navigation updates
[22m[39m[resux:enhancement] scanning DOM
[resux:enhancement] scanning DOM
[resux:enhancement] scanning DOM
[resux:enhancement] scanning DOM
[resux:enhancement] scanning DOM
[resux:enhancement] scanning DOM

[90mstdout[2m | tests/cli-generated-dirs.test.ts[2m > [22m[2mcli generated directory bootstrap[2m > [22m[2mcreates generated directories and placeholder artifacts during prepare
[22m[39mCreated missing safe file: .gitignore
Created missing safe file: .npmrc
Created missing safe file: .env.example
Created missing safe file: types/app.d.ts
Created missing safe file: env.d.ts
Created missing safe file: assets/css/main.css
Created missing safe file: public/favicon.svg
Created missing safe file: app.vue

[90mstdout[2m | tests/runtime.test.ts[2m > [22m[2mclient resume loader[2m > [22m[2mignores same-route link clicks without fetching or rerendering
[22m[39m[resux:enhancement] runtime loaded

[90mstderr[2m | tests/runtime.test.ts[2m > [22m[2mclient resume loader[2m > [22m[2mignores same-route link clicks without fetching or rerendering
[22m[39m[resux:enhancement] failed to load manifest: Cannot find module '/__resux/client-enhancements.mjs' imported from /tmp/resux-same-route-1785530305216/runtime-client.mjs

[90mstdout[2m | tests/runtime.test.ts[2m > [22m[2mclient resume loader[2m > [22m[2mignores same-route link clicks without fetching or rerendering
[22m[39m[resux:enhancement] scanning DOM
[resux:enhancement] scanning DOM
[resux:enhancement] scanning DOM
[resux:enhancement] scanning DOM

 [32m✓[39m tests/halal-ai-regressions.test.ts [2m([22m[2m4 tests[22m[2m)[22m[32m 7[2mms[22m[39m
[90mstdout[2m | tests/runtime.test.ts[2m > [22m[2mclient resume loader[2m > [22m[2mswaps route payloads on browser history navigation after the URL already changed
[22m[39m[resux:enhancement] runtime loaded

[90mstderr[2m | tests/runtime.test.ts[2m > [22m[2mclient resume loader[2m > [22m[2mswaps route payloads on browser history navigation after the URL already changed
[22m[39m[resux:enhancement] failed to load manifest: Cannot find module '/__resux/client-enhancements.mjs' imported from /tmp/resux-popstate-1785530305443/runtime-client.mjs

[90mstdout[2m | tests/runtime.test.ts[2m > [22m[2mclient resume loader[2m > [22m[2mswaps route payloads on browser history navigation after the URL already changed
[22m[39m[resux:enhancement] scanning DOM
[resux:enhancement] scanning DOM
[resux:enhancement] scanning DOM
[resux:enhancement] scanning DOM
[resux:enhancement] scanning DOM
[resux:enhancement] scanning DOM

 [32m✓[39m tests/halal-scanner-regressions.test.ts [2m([22m[2m4 tests[22m[2m)[22m[32m 14[2mms[22m[39m
[90mstdout[2m | tests/cli-generated-dirs.test.ts[2m > [22m[2mcli generated directory bootstrap[2m > [22m[2mcreates generated directories and placeholder artifacts during prepare
[22m[39mresux build client viteConfig: {
  "root": "/tmp/resux-prepare-Gp1xzV",
  "configFile": false,
  "publicDir": false,
  "base": "/__resux/",
  "appType": "custom",
  "clearScreen": false,
  "logLevel": "warn",
  "plugins": [
    {
      "name": "vite:vue",
      "api": {
        "options": {
          "isProduction": false,
          "compiler": null,
          "customElement": {},
          "root": "/home/runner/work/resux/resux",
          "sourceMap": true,
          "cssDevSourcemap": false
        },
        "include": {},
        "version": "6.0.6"
      },
      "resolveId": {
        "filter": {
          "id": [
            {},
            {}
          ]
        }
      },
      "load": {
        "filter": {
          "id": [
            {},
            {}
          ]
        }
      },
      "transform": {}
    }
  ],
  "resolve": {
    "alias": {
      "vue": "/home/runner/work/resux/resux/node_modules/vue/dist/vue.cjs.js",
      "@": "/tmp/resux-prepare-Gp1xzV",
      "~": "/tmp/resux-prepare-Gp1xzV"
    }
  },
  "build": {
    "outDir": "/tmp/resux-prepare-Gp1xzV/.resux/client",
    "emptyOutDir": false,
    "minify": "oxc",
    "sourcemap": false,
    "manifest": false,
    "rollupOptions": {
      "input": {
        "runtime-client": "/tmp/resux-prepare-Gp1xzV/.resux/vite-client/runtime-client.mjs",
        "handlers/m0": "/tmp/resux-prepare-Gp1xzV/.resux/vite-client/handlers/m0.mjs",
        "handlers/m1": "/tmp/resux-prepare-Gp1xzV/.resux/vite-client/handlers/m1.mjs",
        "handlers/m2": "/tmp/resux-prepare-Gp1xzV/.resux/vite-client/handlers/m2.mjs"
      },
      "preserveEntrySignatures": "strict",
      "output": {
        "format": "es",
        "entryFileNames": "[name].mjs",
        "chunkFileNames": "chunks/[name]-[hash].mjs",
        "assetFileNames": "assets/[name]-[hash][extname]"
      }
    }
  }
}

[90mstdout[2m | tests/runtime.test.ts[2m > [22m[2mclient resume loader[2m > [22m[2mrenders ResuxImg to native img markup during client block patches
[22m[39m[resux:enhancement] runtime loaded

[90mstderr[2m | tests/runtime.test.ts[2m > [22m[2mclient resume loader[2m > [22m[2mrenders ResuxImg to native img markup during client block patches
[22m[39m[resux:enhancement] failed to load manifest: Cannot find module '/__resux/client-enhancements.mjs' imported from /tmp/resux-client-img-1785530305665/runtime-client.mjs

[90mstdout[2m | tests/runtime.test.ts[2m > [22m[2mclient resume loader[2m > [22m[2mrenders ResuxImg to native img markup during client block patches
[22m[39m[resux:enhancement] scanning DOM
[resux:enhancement] scanning DOM
[resux:enhancement] scanning DOM
[resux:enhancement] scanning DOM

[90mstdout[2m | tests/cli-generated-dirs.test.ts[2m > [22m[2mcli generated directory bootstrap[2m > [22m[2mcreates generated directories and placeholder artifacts during prepare
[22m[39mPrepared Resux project at ../../../../../tmp/resux-prepare-Gp1xzV.

 [32m✓[39m tests/icons-regressions.test.ts [2m([22m[2m3 tests[22m[2m)[22m[32m 6[2mms[22m[39m
[90mstdout[2m | tests/cli-generated-dirs.test.ts[2m > [22m[2mcli generated directory bootstrap[2m > [22m[2mcheck --fix appends gitignore entries and keeps existing generated files
[22m[39m[resux check] Missing generated directory: .resux/dev
[resux check] Missing generated directory: .resux/cache
[resux check] Missing generated directory: .resux/manifest
[resux check] Missing generated directory: .resux/vite-client
[resux check] Missing generated directory: .resux-nitro
[resux check] Missing generated directory: .resux-nitro/cache
[resux check] Missing generated directory: .resux-nitro/types
[resux check] Missing generated directory: .resux-nitro/manifest
[resux check] Missing generated directory: .nitro
[resux check] Missing generated directory: .nitro/types
[resux check] Missing generated directory: .nitro/cache

[90mstdout[2m | tests/cli-generated-dirs.test.ts[2m > [22m[2mcli generated directory bootstrap[2m > [22m[2mcheck --fix appends gitignore entries and keeps existing generated files
[22m[39m[resux check] Created: .resux/dev
[resux check] Created: .resux/cache
[resux check] Created: .resux/manifest
[resux check] Created: .resux/vite-client
[resux check] Created: .resux-nitro
[resux check] Created: .resux-nitro/cache
[resux check] Created: .resux-nitro/types
[resux check] Created: .resux-nitro/manifest
[resux check] Created: .nitro
[resux check] Created: .nitro/types
[resux check] Created: .nitro/cache

[90mstdout[2m | tests/cli-generated-dirs.test.ts[2m > [22m[2mcli generated directory bootstrap[2m > [22m[2mcheck --fix appends gitignore entries and keeps existing generated files
[22m[39mResux check: ok
Root: /tmp/resux-check-fix-wht6i7

Created safe files
  - .npmrc
  - .env.example
  - types/app.d.ts
  - env.d.ts
  - assets/css/main.css
  - public/favicon.svg
  - app.vue

Updated safe files
  - .gitignore

Created generated directories
  - .resux/dev
  - .resux/cache
  - .resux/manifest
  - .resux/vite-client
  - .resux-nitro
  - .resux-nitro/cache
  - .resux-nitro/types
  - .resux-nitro/manifest
  - .nitro
  - .nitro/types
  - .nitro/cache

Created generated placeholders
  - .resux/types/imports.d.ts
  - .resux/manifest/routes.json
  - .resux/manifest/plugins.json
  - .resux/manifest/middleware.json
  - .resux-nitro/manifest/server-handlers.json
  - .nitro/types/nitro.d.ts

Warnings
  - Created minimal tsconfig.json.
  - No .resux build output found yet. Run "resux build" to validate generated artifacts.

 [32m✓[39m tests/cli-generated-dirs.test.ts [2m([22m[2m2 tests[22m[2m)[22m[33m 905[2mms[22m[39m
     [33m[2m✓[22m[39m creates generated directories and placeholder artifacts during prepare [33m 743[2mms[22m[39m
[90mstdout[2m | tests/runtime.test.ts[2m > [22m[2mclient resume loader[2m > [22m[2mrenders ResuxImg to native img markup during client block patches
[22m[39m[resux:enhancement] scanning DOM
[resux:enhancement] scanning DOM

 [32m✓[39m tests/module-head-regressions.test.ts [2m([22m[2m2 tests[22m[2m)[22m[32m 10[2mms[22m[39m
 [32m✓[39m tests/halal-production-auth.test.ts [2m([22m[2m2 tests[22m[2m)[22m[32m 9[2mms[22m[39m
[90mstdout[2m | tests/runtime.test.ts[2m > [22m[2mclient resume loader[2m > [22m[2mruns client route middleware during client-side navigation
[22m[39m[resux:enhancement] runtime loaded

[90mstderr[2m | tests/runtime.test.ts[2m > [22m[2mclient resume loader[2m > [22m[2maborts pending async data when leaving the current route
[22m[39m[resux:enhancement] failed to load manifest: Cannot find module '/__resux/client-enhancements.mjs' imported from /tmp/resux-client-mw-1785530306124/runtime-client.mjs

[90mstdout[2m | tests/runtime.test.ts[2m > [22m[2mclient resume loader[2m > [22m[2maborts pending async data when leaving the current route
[22m[39m[resux:enhancement] scanning DOM
[resux:enhancement] scanning DOM
[resux:enhancement] scanning DOM
[resux:enhancement] scanning DOM
[resux:enhancement] scanning DOM
[resux:enhancement] scanning DOM

 [32m✓[39m tests/history-security-regressions.test.ts [2m([22m[2m3 tests[22m[2m)[22m[32m 6[2mms[22m[39m
[90mstdout[2m | tests/runtime.test.ts[2m > [22m[2mclient resume loader[2m > [22m[2maborts pending async data when leaving the current route
[22m[39m[resux:enhancement] runtime loaded

[90mstderr[2m | tests/runtime.test.ts[2m > [22m[2mclient resume loader[2m > [22m[2maborts pending async data when leaving the current route
[22m[39m[resux:enhancement] failed to load manifest: Cannot find module '/__resux/client-enhancements.mjs' imported from /tmp/resux-abort-nav-1785530306535/runtime-client.mjs

[90mstdout[2m | tests/runtime.test.ts[2m > [22m[2mclient resume loader[2m > [22m[2maborts pending async data when leaving the current route
[22m[39m[resux:enhancement] scanning DOM
[resux:enhancement] scanning DOM
[resux:enhancement] scanning DOM
[resux:enhancement] scanning DOM

[90mstdout[2m | tests/runtime.test.ts[2m > [22m[2mclient resume loader[2m > [22m[2maborts pending async data when leaving the current route
[22m[39m[resux:enhancement] scanning DOM
[resux:enhancement] scanning DOM

[90mstdout[2m | tests/runtime.test.ts[2m > [22m[2mclient resume loader[2m > [22m[2maborts pending async data when leaving the current route
[22m[39m[resux:enhancement] scanning DOM
[resux:enhancement] scanning DOM

 [32m✓[39m tests/reactivity-regressions.test.ts [2m([22m[2m4 tests[22m[2m)[22m[32m 5[2mms[22m[39m
[90mstdout[2m | tests/runtime.test.ts[2m > [22m[2mclient resume loader[2m > [22m[2mpreserves loaded global styles while navigating between routes
[22m[39m[resux:enhancement] runtime loaded

 [32m✓[39m tests/hooks.test.ts [2m([22m[2m2 tests[22m[2m)[22m[32m 5[2mms[22m[39m
[90mstderr[2m | tests/runtime.test.ts[2m > [22m[2mclient resume loader[2m > [22m[2mpreserves loaded global styles while navigating between routes
[22m[39m[resux:enhancement] failed to load manifest: Cannot find module '/__resux/client-enhancements.mjs' imported from /tmp/resux-style-nav-1785530306881/runtime-client.mjs

[90mstdout[2m | tests/runtime.test.ts[2m > [22m[2mclient resume loader[2m > [22m[2mpreserves loaded global styles while navigating between routes
[22m[39m[resux:enhancement] scanning DOM
[resux:enhancement] scanning DOM
[resux:enhancement] scanning DOM
[resux:enhancement] scanning DOM
[resux:enhancement] scanning DOM
[resux:enhancement] scanning DOM

[90mstdout[2m | tests/runtime.test.ts[2m > [22m[2mclient resume loader[2m > [22m[2mpreserves loaded global styles while navigating between routes
[22m[39m[resux:enhancement] scanning DOM
[resux:enhancement] scanning DOM

[90mstdout[2m | tests/runtime.test.ts[2m > [22m[2mclient resume loader[2m > [22m[2mupdates route style tags while navigating between routes
[22m[39m[resux:enhancement] runtime loaded

[90mstderr[2m | tests/runtime.test.ts[2m > [22m[2mclient resume loader[2m > [22m[2mupdates route style tags while navigating between routes
[22m[39m[resux:enhancement] failed to load manifest: Cannot find module '/__resux/client-enhancements.mjs' imported from /tmp/resux-style-head-nav-1785530307136/runtime-client.mjs

[90mstdout[2m | tests/runtime.test.ts[2m > [22m[2mclient resume loader[2m > [22m[2mupdates route style tags while navigating between routes
[22m[39m[resux:enhancement] scanning DOM
[resux:enhancement] scanning DOM
[resux:enhancement] scanning DOM
[resux:enhancement] scanning DOM
[resux:enhancement] scanning DOM
[resux:enhancement] scanning DOM

 [32m✓[39m tests/reactivity-array-regressions.test.ts [2m([22m[2m2 tests[22m[2m)[22m[32m 5[2mms[22m[39m
[90mstdout[2m | tests/runtime.test.ts[2m > [22m[2mclient resume loader[2m > [22m[2mreports route transition phases with progress and accessibility state
[22m[39m[resux:enhancement] runtime loaded

[90mstderr[2m | tests/runtime.test.ts[2m > [22m[2mclient resume loader[2m > [22m[2mreports route transition phases with progress and accessibility state
[22m[39m[resux:enhancement] failed to load manifest: Cannot find module '/__resux/client-enhancements.mjs' imported from /tmp/resux-transition-1785530307326/runtime-client.mjs

[90mstdout[2m | tests/runtime.test.ts[2m > [22m[2mclient resume loader[2m > [22m[2mreports route transition phases with progress and accessibility state
[22m[39m[resux:enhancement] scanning DOM
[resux:enhancement] scanning DOM
[resux:enhancement] scanning DOM
[resux:enhancement] scanning DOM
[resux:enhancement] scanning DOM
[resux:enhancement] scanning DOM

[90mstdout[2m | tests/generated-output.test.ts[2m > [22m[2mgenerated app artifacts[2m > [22m[2memits deterministic .resux app and type files
[22m[39mresux build client viteConfig: {
  "root": "/tmp/resux-generated-1785530307373",
  "configFile": false,
  "publicDir": false,
  "base": "/__resux/",
  "appType": "custom",
  "clearScreen": false,
  "logLevel": "warn",
  "plugins": [
    {
      "name": "vite:vue",
      "api": {
        "options": {
          "isProduction": false,
          "compiler": null,
          "customElement": {},
          "root": "/home/runner/work/resux/resux",
          "sourceMap": true,
          "cssDevSourcemap": false
        },
        "include": {},
        "version": "6.0.6"
      },
      "resolveId": {
        "filter": {
          "id": [
            {},
            {}
          ]
        }
      },
      "load": {
        "filter": {
          "id": [
            {},
            {}
          ]
        }
      },
      "transform": {}
    }
  ],
  "resolve": {
    "alias": {
      "vue": "/home/runner/work/resux/resux/node_modules/vue/dist/vue.cjs.js",
      "@": "/tmp/resux-generated-1785530307373",
      "~": "/tmp/resux-generated-1785530307373"
    }
  },
  "build": {
    "outDir": "/tmp/resux-generated-1785530307373/.resux/client",
    "emptyOutDir": false,
    "minify": "oxc",
    "sourcemap": false,
    "manifest": false,
    "rollupOptions": {
      "input": {
        "runtime-client": "/tmp/resux-generated-1785530307373/.resux/vite-client/runtime-client.mjs",
        "handlers/m0": "/tmp/resux-generated-1785530307373/.resux/vite-client/handlers/m0.mjs"
      },
      "preserveEntrySignatures": "strict",
      "output": {
        "format": "es",
        "entryFileNames": "[name].mjs",
        "chunkFileNames": "chunks/[name]-[hash].mjs",
        "assetFileNames": "assets/[name]-[hash][extname]"
      }
    }
  }
}

 [32m✓[39m tests/generated-output.test.ts [2m([22m[2m1 test[22m[2m)[22m[32m 230[2mms[22m[39m
[90mstdout[2m | tests/runtime.test.ts[2m > [22m[2mclient resume loader[2m > [22m[2mreveals deferred lazy images only after intersection events
[22m[39m[resux:enhancement] runtime loaded

[90mstderr[2m | tests/runtime.test.ts[2m > [22m[2mclient resume loader[2m > [22m[2mkeeps image placeholders until decode settles
[22m[39m[resux:enhancement] failed to load manifest: Cannot find module '/__resux/client-enhancements.mjs' imported from /tmp/resux-lazy-reveal-1785530307488/runtime-client.mjs

[90mstdout[2m | tests/runtime.test.ts[2m > [22m[2mclient resume loader[2m > [22m[2mkeeps image placeholders until decode settles
[22m[39m[resux:enhancement] scanning DOM
[resux:enhancement] scanning DOM
[resux:enhancement] scanning DOM
[resux:enhancement] scanning DOM

[90mstdout[2m | tests/runtime.test.ts[2m > [22m[2mclient resume loader[2m > [22m[2mkeeps image placeholders until decode settles
[22m[39m[resux:enhancement] runtime loaded

[90mstderr[2m | tests/runtime.test.ts[2m > [22m[2mclient resume loader[2m > [22m[2mhandles lazy picture failures once and switches to fallback without reusing failed sources
[22m[39m[resux:enhancement] failed to load manifest: Cannot find module '/__resux/client-enhancements.mjs' imported from /tmp/resux-image-decode-1785530307643/runtime-client.mjs

[90mstdout[2m | tests/runtime.test.ts[2m > [22m[2mclient resume loader[2m > [22m[2mhandles lazy picture failures once and switches to fallback without reusing failed sources
[22m[39m[resux:enhancement] scanning DOM
[resux:enhancement] scanning DOM
[resux:enhancement] scanning DOM
[resux:enhancement] scanning DOM

[90mstdout[2m | tests/runtime.test.ts[2m > [22m[2mclient resume loader[2m > [22m[2mhandles lazy picture failures once and switches to fallback without reusing failed sources
[22m[39m[resux:enhancement] runtime loaded

[90mstderr[2m | tests/runtime.test.ts[2m > [22m[2mclient resume loader[2m > [22m[2mreveals lazy videos once and clears failed sources without retrying
[22m[39m[resux:enhancement] failed to load manifest: Cannot find module '/__resux/client-enhancements.mjs' imported from /tmp/resux-picture-fallback-1785530307785/runtime-client.mjs

[90mstdout[2m | tests/runtime.test.ts[2m > [22m[2mclient resume loader[2m > [22m[2mreveals lazy videos once and clears failed sources without retrying
[22m[39m[resux:enhancement] scanning DOM
[resux:enhancement] scanning DOM
[resux:enhancement] scanning DOM
[resux:enhancement] scanning DOM

[90mstdout[2m | tests/runtime.test.ts[2m > [22m[2mclient resume loader[2m > [22m[2mreveals lazy videos once and clears failed sources without retrying
[22m[39m[resux:enhancement] runtime loaded

[90mstderr[2m | tests/runtime.test.ts[2m > [22m[2mclient resume loader[2m > [22m[2mapplies video click zones, skip actions, and control-safe interactions
[22m[39m[resux:enhancement] failed to load manifest: Cannot find module '/__resux/client-enhancements.mjs' imported from /tmp/resux-video-fallback-1785530307924/runtime-client.mjs

[90mstdout[2m | tests/runtime.test.ts[2m > [22m[2mclient resume loader[2m > [22m[2mapplies video click zones, skip actions, and control-safe interactions
[22m[39m[resux:enhancement] scanning DOM
[resux:enhancement] scanning DOM
[resux:enhancement] scanning DOM
[resux:enhancement] scanning DOM

[90mstdout[2m | tests/runtime.test.ts[2m > [22m[2mclient resume loader[2m > [22m[2mapplies video click zones, skip actions, and control-safe interactions
[22m[39m[resux:enhancement] runtime loaded

[90mstderr[2m | tests/runtime.test.ts[2m > [22m[2mclient resume loader[2m > [22m[2mapplies video click zones, skip actions, and control-safe interactions
[22m[39m[resux:enhancement] failed to load manifest: Cannot find module '/__resux/client-enhancements.mjs' imported from /tmp/resux-video-speed-1785530308066/runtime-client.mjs

[90mstdout[2m | tests/runtime.test.ts[2m > [22m[2mclient resume loader[2m > [22m[2mapplies video click zones, skip actions, and control-safe interactions
[22m[39m[resux:enhancement] scanning DOM
[resux:enhancement] scanning DOM
[resux:enhancement] scanning DOM
[resux:enhancement] scanning DOM

[90mstdout[2m | tests/runtime.test.ts[2m > [22m[2mclient resume loader[2m > [22m[2mpreserves playback state when switching managed video quality options
[22m[39m[resux:enhancement] runtime loaded

[90mstderr[2m | tests/runtime.test.ts[2m > [22m[2mclient resume loader[2m > [22m[2mwaits for page-ready before revealing defer-until-page-ready videos
[22m[39m[resux:enhancement] failed to load manifest: Cannot find module '/__resux/client-enhancements.mjs' imported from /tmp/resux-video-quality-1785530308699/runtime-client.mjs

[90mstdout[2m | tests/runtime.test.ts[2m > [22m[2mclient resume loader[2m > [22m[2mwaits for page-ready before revealing defer-until-page-ready videos
[22m[39m[resux:enhancement] scanning DOM
[resux:enhancement] scanning DOM
[resux:enhancement] scanning DOM
[resux:enhancement] scanning DOM

[90mstdout[2m | tests/runtime.test.ts[2m > [22m[2mclient resume loader[2m > [22m[2mwaits for page-ready before revealing defer-until-page-ready videos
[22m[39m[resux:enhancement] runtime loaded

[90mstderr[2m | tests/runtime.test.ts[2m > [22m[2mclient resume loader[2m > [22m[2mblocks managed media anchor navigation to generated assets
[22m[39m[resux:enhancement] failed to load manifest: Cannot find module '/__resux/client-enhancements.mjs' imported from /tmp/resux-video-page-ready-1785530308864/runtime-client.mjs

[90mstdout[2m | tests/runtime.test.ts[2m > [22m[2mclient resume loader[2m > [22m[2mblocks managed media anchor navigation to generated assets
[22m[39m[resux:enhancement] scanning DOM
[resux:enhancement] scanning DOM
[resux:enhancement] scanning DOM

[90mstdout[2m | tests/runtime.test.ts[2m > [22m[2mclient resume loader[2m > [22m[2mblocks managed media anchor navigation to generated assets
[22m[39m[resux:enhancement] runtime loaded

[90mstderr[2m | tests/runtime.test.ts[2m > [22m[2mclient resume loader[2m > [22m[2mblocks managed media anchor navigation for generated video assets
[22m[39m[resux:enhancement] failed to load manifest: Cannot find module '/__resux/client-enhancements.mjs' imported from /tmp/resux-media-link-guard-1785530309020/runtime-client.mjs

[90mstdout[2m | tests/runtime.test.ts[2m > [22m[2mclient resume loader[2m > [22m[2mblocks managed media anchor navigation for generated video assets
[22m[39m[resux:enhancement] scanning DOM
[resux:enhancement] scanning DOM
[resux:enhancement] scanning DOM
[resux:enhancement] scanning DOM

[90mstdout[2m | tests/runtime.test.ts[2m > [22m[2mclient resume loader[2m > [22m[2mblocks managed media anchor navigation for generated video assets
[22m[39m[resux:enhancement] runtime loaded

[90mstderr[2m | tests/runtime.test.ts[2m > [22m[2mclient resume loader[2m > [22m[2mignores router interception for media control targets inside anchors
[22m[39m[resux:enhancement] failed to load manifest: Cannot find module '/__resux/client-enhancements.mjs' imported from /tmp/resux-video-link-guard-1785530309162/runtime-client.mjs

[90mstdout[2m | tests/runtime.test.ts[2m > [22m[2mclient resume loader[2m > [22m[2mignores router interception for media control targets inside anchors
[22m[39m[resux:enhancement] scanning DOM
[resux:enhancement] scanning DOM
[resux:enhancement] scanning DOM
[resux:enhancement] scanning DOM

[90mstdout[2m | tests/runtime.test.ts[2m > [22m[2mclient resume loader[2m > [22m[2mignores router interception for media control targets inside anchors
[22m[39m[resux:enhancement] runtime loaded

[90mstderr[2m | tests/runtime.test.ts[2m > [22m[2mclient resume loader[2m > [22m[2mignores prefetch for media/static links
[22m[39m[resux:enhancement] failed to load manifest: Cannot find module '/__resux/client-enhancements.mjs' imported from /tmp/resux-media-click-ignore-1785530309305/runtime-client.mjs

[90mstdout[2m | tests/runtime.test.ts[2m > [22m[2mclient resume loader[2m > [22m[2mignores prefetch for media/static links
[22m[39m[resux:enhancement] scanning DOM
[resux:enhancement] scanning DOM
[resux:enhancement] scanning DOM
[resux:enhancement] scanning DOM

[90mstdout[2m | tests/runtime.test.ts[2m > [22m[2mclient resume loader[2m > [22m[2mignores prefetch for media/static links
[22m[39m[resux:enhancement] runtime loaded

[90mstderr[2m | tests/runtime.test.ts[2m > [22m[2mclient resume loader[2m > [22m[2mpreserves the active layout across client-side navigation
[22m[39m[resux:enhancement] failed to load manifest: Cannot find module '/__resux/client-enhancements.mjs' imported from /tmp/resux-media-prefetch-ignore-1785530309445/runtime-client.mjs

[90mstdout[2m | tests/runtime.test.ts[2m > [22m[2mclient resume loader[2m > [22m[2mpreserves the active layout across client-side navigation
[22m[39m[resux:enhancement] scanning DOM
[resux:enhancement] scanning DOM
[resux:enhancement] scanning DOM
[resux:enhancement] scanning DOM

[90mstdout[2m | tests/runtime.test.ts[2m > [22m[2mclient resume loader[2m > [22m[2mpreserves the active layout across client-side navigation
[22m[39m[resux:enhancement] runtime loaded

[90mstderr[2m | tests/runtime.test.ts[2m > [22m[2mclient resume loader[2m > [22m[2mpreserves the active layout across client-side navigation
[22m[39m[resux:enhancement] failed to load manifest: Cannot find module '/__resux/client-enhancements.mjs' imported from /tmp/resux-layout-nav-1785530309590/runtime-client.mjs

[90mstdout[2m | tests/runtime.test.ts[2m > [22m[2mclient resume loader[2m > [22m[2mpreserves the active layout across client-side navigation
[22m[39m[resux:enhancement] scanning DOM
[resux:enhancement] scanning DOM
[resux:enhancement] scanning DOM
[resux:enhancement] scanning DOM
[resux:enhancement] scanning DOM
[resux:enhancement] scanning DOM

[90mstdout[2m | tests/runtime.test.ts[2m > [22m[2mclient resume loader[2m > [22m[2mhot-updates active component scopes in dev without reloading the document
[22m[39m[resux:enhancement] runtime loaded

[90mstderr[2m | tests/runtime.test.ts[2m > [22m[2mclient resume loader[2m > [22m[2mhot-updates active component scopes in dev without reloading the document
[22m[39m[resux:enhancement] failed to load manifest: Cannot find module '/__resux/client-enhancements.mjs' imported from /tmp/resux-hmr-1785530309746/runtime-client.mjs

[90mstdout[2m | tests/runtime.test.ts[2m > [22m[2mclient resume loader[2m > [22m[2mhot-updates active component scopes in dev without reloading the document
[22m[39m[resux:enhancement] scanning DOM
[resux:enhancement] scanning DOM
[resux:enhancement] scanning DOM
[resux:enhancement] scanning DOM

 [32m✓[39m tests/runtime.test.ts [2m([22m[2m80 tests[22m[2m)[22m[33m 14078[2mms[22m[39m
     [33m[2m✓[22m[39m keeps apiURL relative in browser/client scopes [33m 571[2mms[22m[39m
     [33m[2m✓[22m[39m activates visible enhancements when visibility polling detects an already-visible element [33m 736[2mms[22m[39m
     [33m[2m✓[22m[39m ignores same-route link clicks without refetching route payloads [33m 301[2mms[22m[39m
     [33m[2m✓[22m[39m resumes pending async data and patches skeleton blocks [33m 488[2mms[22m[39m
     [33m[2m✓[22m[39m clears pending async-data skeletons and renders an error when fetch fails [33m 398[2mms[22m[39m
     [33m[2m✓[22m[39m renders successful async data when another pending request fails [33m 466[2mms[22m[39m
     [33m[2m✓[22m[39m imports the handler chunk on interaction and reuses the resumed scope [33m 469[2mms[22m[39m
     [33m[2m✓[22m[39m navigates programmatically with useRouter from a resumed handler [33m 382[2mms[22m[39m
     [33m[2m✓[22m[39m applies resumable event modifiers before running handlers [33m 407[2mms[22m[39m
     [33m[2m✓[22m[39m resumes v-model handlers and mounted callbacks on first interaction [33m 450[2mms[22m[39m
     [33m[2m✓[22m[39m renders ResuxImg to native img markup during client block patches [33m 458[2mms[22m[39m
     [33m[2m✓[22m[39m runs client route middleware during client-side navigation [33m 411[2mms[22m[39m
     [33m[2m✓[22m[39m aborts pending async data when leaving the current route [33m 346[2mms[22m[39m
     [33m[2m✓[22m[39m applies video click zones, skip actions, and control-safe interactions [33m 633[2mms[22m[39m
     [33m[2m✓[22m[39m hot-updates active component scopes in dev without reloading the document [33m 1815[2mms[22m[39m

[31m⎯⎯⎯⎯⎯⎯⎯[39m[1m[41m Failed Tests 1 [49m[22m[31m⎯⎯⎯⎯⎯⎯⎯[39m

[41m[1m FAIL [22m[49m tests/fonts.test.ts[2m > [22mfonts module[2m > [22msupports global lazy strategy for all fonts
[31m[1mAssertionError[22m: expected '(function(){function loadFonts(){var …' to contain 'window.addEventListener(\'load\',load…'[39m

Expected: [32m"window.addEventListener('load',loadFonts[7m)[27m"[39m
Received: [31m"[7m(function(){function loadFonts(){var l=document.createElement('link');l.rel='stylesheet';l.href="https://fonts.googleapis.com/css2?family=Inter:wght@400;700&family=Alexandria:wght@300;600&display=swap";document.head.appendChild(l);}if(document.readyState==='complete'){loadFonts();}else{[27mwindow.addEventListener('load',loadFonts[7m,{once:true});}})();[27m"[39m

[36m [2m❯[22m tests/fonts.test.ts:[2m76:46[22m[39m
    [90m 74|[39m     ])[33m;[39m
    [90m 75|[39m     [34mexpect[39m(headList[[34m0[39m][33m.[39mscript)[33m.[39m[34mtoHaveLength[39m([34m1[39m)[33m;[39m
    [90m 76|[39m     expect(headList[0].script![0].innerHTML).toContain("window.addEven…
    [90m   |[39m                                              [31m^[39m
    [90m 77|[39m   })[33m;[39m
    [90m 78|[39m

[31m[2m⎯⎯⎯⎯⎯⎯⎯⎯⎯⎯⎯⎯⎯⎯⎯⎯⎯⎯⎯⎯⎯⎯⎯⎯[1/1]⎯[22m[39m


[2m Test Files [22m [1m[31m1 failed[39m[22m[2m | [22m[1m[32m24 passed[39m[22m[90m (25)[39m
[2m      Tests [22m [1m[31m1 failed[39m[22m[2m | [22m[1m[32m214 passed[39m[22m[90m (215)[39m
[2m   Start at [22m 20:38:16
[2m   Duration [22m 14.72s[2m (transform 15.37s, setup 488ms, import 9.18s, tests 21.54s, environment 2ms)[22m


::error file=/home/runner/work/resux/resux/tests/fonts.test.ts,title=tests/fonts.test.ts > fonts module > supports global lazy strategy for all fonts,line=76,column=46::AssertionError: expected '(function(){function loadFonts(){var …' to contain 'window.addEventListener(\'load\',load…'%0A%0AExpected: "window.addEventListener('load',loadFonts)"%0AReceived: "(function(){function loadFonts(){var l=document.createElement('link');l.rel='stylesheet';l.href="https://fonts.googleapis.com/css2?family=Inter:wght@400;700&family=Alexandria:wght@300;600&display=swap";document.head.appendChild(l);}if(document.readyState==='complete'){loadFonts();}else{window.addEventListener('load',loadFonts,{once:true});}})();"%0A%0A ❯ tests/fonts.test.ts:76:46%0A%0A
