=== clone and install ===
Cloning into '/tmp/resux-lab'...
npm warn deprecated glob@10.5.0: Old versions of glob are not supported, and contain widely publicized security vulnerabilities, which have been fixed in the current version. Please update. Support for old versions may be purchased (at exorbitant rates) by contacting i@izs.me

added 431 packages, and audited 433 packages in 8s

94 packages are looking for funding
  run `npm fund` for details

7 vulnerabilities (1 low, 3 moderate, 1 high, 2 critical)

To address issues that do not require attention, run:
  npm audit fix

To address all issues (including breaking changes), run:
  npm audit fix --force

Run `npm audit` for details.

removed 299 packages, changed 1 package, and audited 135 packages in 776ms

33 packages are looking for funding
  run `npm fund` for details

2 critical severity vulnerabilities

To address all issues, run:
  npm audit fix

Run `npm audit` for details.
=== production build ===
Updated nitro.config.ts with Resux compatibility defaults.
Browserslist: caniuse-lite is outdated. Please run:
  npx update-browserslist-db@latest
  Why you should do it regularly: https://github.com/browserslist/update-db#readme

Rebuilding...

Done in 480ms.
Tailwind build (minified) assets/css/tailwind.css -> public/tailwind.css
resux build client viteConfig: {
  "root": "/tmp/resux-lab",
  "configFile": false,
  "publicDir": false,
  "base": "/__resux/",
  "appType": "custom",
  "clearScreen": false,
  "logLevel": "warn",
  "plugins": [
    {
      "name": "vite:vue",
      "api": {
        "options": {
          "isProduction": false,
          "compiler": null,
          "customElement": {},
          "root": "/tmp/resux-lab",
          "sourceMap": true,
          "cssDevSourcemap": false
        },
        "include": {},
        "version": "6.0.6"
      },
      "resolveId": {
        "filter": {
          "id": [
            {},
            {}
          ]
        }
      },
      "load": {
        "filter": {
          "id": [
            {},
            {}
          ]
        }
      },
      "transform": {}
    }
  ],
  "resolve": {
    "alias": {
      "vue": "/home/runner/work/resux/resux/node_modules/vue/index.js",
      "@": "/tmp/resux-lab",
      "~": "/tmp/resux-lab"
    }
  },
  "build": {
    "outDir": "/tmp/resux-lab/.resux/client",
    "emptyOutDir": false,
    "minify": "oxc",
    "sourcemap": false,
    "manifest": false,
    "rollupOptions": {
      "input": {
        "runtime-client": "/tmp/resux-lab/.resux/vite-client/runtime-client.mjs",
        "handlers/m0": "/tmp/resux-lab/.resux/vite-client/handlers/m0.mjs",
        "handlers/m1": "/tmp/resux-lab/.resux/vite-client/handlers/m1.mjs",
        "handlers/m2": "/tmp/resux-lab/.resux/vite-client/handlers/m2.mjs",
        "handlers/m3": "/tmp/resux-lab/.resux/vite-client/handlers/m3.mjs",
        "handlers/m4": "/tmp/resux-lab/.resux/vite-client/handlers/m4.mjs",
        "handlers/m5": "/tmp/resux-lab/.resux/vite-client/handlers/m5.mjs",
        "handlers/m6": "/tmp/resux-lab/.resux/vite-client/handlers/m6.mjs",
        "handlers/m7": "/tmp/resux-lab/.resux/vite-client/handlers/m7.mjs",
        "handlers/m8": "/tmp/resux-lab/.resux/vite-client/handlers/m8.mjs",
        "handlers/m9": "/tmp/resux-lab/.resux/vite-client/handlers/m9.mjs",
        "handlers/m10": "/tmp/resux-lab/.resux/vite-client/handlers/m10.mjs",
        "handlers/m11": "/tmp/resux-lab/.resux/vite-client/handlers/m11.mjs",
        "handlers/m12": "/tmp/resux-lab/.resux/vite-client/handlers/m12.mjs",
        "handlers/m13": "/tmp/resux-lab/.resux/vite-client/handlers/m13.mjs",
        "handlers/m14": "/tmp/resux-lab/.resux/vite-client/handlers/m14.mjs",
        "handlers/m15": "/tmp/resux-lab/.resux/vite-client/handlers/m15.mjs",
        "handlers/m16": "/tmp/resux-lab/.resux/vite-client/handlers/m16.mjs",
        "handlers/m17": "/tmp/resux-lab/.resux/vite-client/handlers/m17.mjs",
        "handlers/m18": "/tmp/resux-lab/.resux/vite-client/handlers/m18.mjs",
        "handlers/m19": "/tmp/resux-lab/.resux/vite-client/handlers/m19.mjs",
        "handlers/m20": "/tmp/resux-lab/.resux/vite-client/handlers/m20.mjs",
        "handlers/m21": "/tmp/resux-lab/.resux/vite-client/handlers/m21.mjs",
        "handlers/m22": "/tmp/resux-lab/.resux/vite-client/handlers/m22.mjs",
        "handlers/m23": "/tmp/resux-lab/.resux/vite-client/handlers/m23.mjs",
        "handlers/m24": "/tmp/resux-lab/.resux/vite-client/handlers/m24.mjs",
        "handlers/m25": "/tmp/resux-lab/.resux/vite-client/handlers/m25.mjs",
        "handlers/m26": "/tmp/resux-lab/.resux/vite-client/handlers/m26.mjs",
        "handlers/m27": "/tmp/resux-lab/.resux/vite-client/handlers/m27.mjs",
        "handlers/m28": "/tmp/resux-lab/.resux/vite-client/handlers/m28.mjs",
        "handlers/m29": "/tmp/resux-lab/.resux/vite-client/handlers/m29.mjs",
        "handlers/m30": "/tmp/resux-lab/.resux/vite-client/handlers/m30.mjs",
        "handlers/m31": "/tmp/resux-lab/.resux/vite-client/handlers/m31.mjs",
        "handlers/m32": "/tmp/resux-lab/.resux/vite-client/handlers/m32.mjs",
        "handlers/m33": "/tmp/resux-lab/.resux/vite-client/handlers/m33.mjs",
        "handlers/m34": "/tmp/resux-lab/.resux/vite-client/handlers/m34.mjs",
        "handlers/m35": "/tmp/resux-lab/.resux/vite-client/handlers/m35.mjs",
        "handlers/m36": "/tmp/resux-lab/.resux/vite-client/handlers/m36.mjs",
        "handlers/m37": "/tmp/resux-lab/.resux/vite-client/handlers/m37.mjs",
        "handlers/m38": "/tmp/resux-lab/.resux/vite-client/handlers/m38.mjs",
        "handlers/m39": "/tmp/resux-lab/.resux/vite-client/handlers/m39.mjs",
        "handlers/m40": "/tmp/resux-lab/.resux/vite-client/handlers/m40.mjs",
        "handlers/m41": "/tmp/resux-lab/.resux/vite-client/handlers/m41.mjs",
        "handlers/m42": "/tmp/resux-lab/.resux/vite-client/handlers/m42.mjs",
        "handlers/m43": "/tmp/resux-lab/.resux/vite-client/handlers/m43.mjs",
        "handlers/m44": "/tmp/resux-lab/.resux/vite-client/handlers/m44.mjs",
        "handlers/m45": "/tmp/resux-lab/.resux/vite-client/handlers/m45.mjs",
        "handlers/m46": "/tmp/resux-lab/.resux/vite-client/handlers/m46.mjs",
        "handlers/m47": "/tmp/resux-lab/.resux/vite-client/handlers/m47.mjs",
        "handlers/m48": "/tmp/resux-lab/.resux/vite-client/handlers/m48.mjs",
        "handlers/m49": "/tmp/resux-lab/.resux/vite-client/handlers/m49.mjs",
        "plugins/p0": "/tmp/resux-lab/.resux/vite-client/plugins/p0.mjs",
        "plugins/p1": "/tmp/resux-lab/.resux/vite-client/plugins/p1.mjs",
        "plugins/p2": "/tmp/resux-lab/.resux/vite-client/plugins/p2.mjs",
        "middleware/w0": "/tmp/resux-lab/.resux/vite-client/middleware/w0.mjs",
        "middleware/w1": "/tmp/resux-lab/.resux/vite-client/middleware/w1.mjs",
        "vue-islands/BrowserCapabilities": "/tmp/resux-lab/.resux/vite-client/vue-islands/BrowserCapabilities.mjs",
        "vue-islands/IslandCounter": "/tmp/resux-lab/.resux/vite-client/vue-islands/IslandCounter.mjs",
        "vue-islands/UiShowcase": "/tmp/resux-lab/.resux/vite-client/vue-islands/UiShowcase.mjs"
      },
      "preserveEntrySignatures": "strict",
      "output": {
        "format": "es",
        "entryFileNames": "[name].mjs",
        "chunkFileNames": "chunks/[name]-[hash].mjs",
        "assetFileNames": "assets/[name]-[hash][extname]"
      }
    }
  }
}
[33m[33m[INEFFECTIVE_DYNAMIC_IMPORT] [0m../../home/runner/work/resux/resux/dist/i18n/shared.js is dynamically imported by ../../home/runner/work/resux/resux/dist/runtime/index.js but also statically imported by ../../home/runner/work/resux/resux/dist/runtime/index.js, dynamic import will not move module into another chunk.
[39m
[33m[plugin builtin:vite-reporter] 
(!) Some chunks are larger than 500 kB after minification. Consider:
- Using dynamic import() to code-split the application
- Use build.rolldownOptions.output.codeSplitting to improve chunking: https://rolldown.rs/reference/OutputOptions.codeSplitting
- Adjust chunk size limit for this warning via build.chunkSizeWarningLimit.[39m
Built 44 route(s) into .resux
Detected deploy target: node (default node target)
Detected Nitro preset: node-server
Building Nitro output into .output
[error] Cannot find module 'nitropack/config'
Require stack:
- /tmp/resux-lab/nitro.config.ts
  at Function._resolveFilename (node:internal/modules/cjs/loader:1430:15)
  at Function.resolve (node:internal/modules/helpers:157:19)
  at jitiResolve (/home/runner/work/resux/resux/node_modules/jiti/dist/jiti.cjs:1:148703)
  at jitiRequire (/home/runner/work/resux/resux/node_modules/jiti/dist/jiti.cjs:1:150290)
  at import (/home/runner/work/resux/resux/node_modules/jiti/dist/jiti.cjs:1:158307)
  at nitro.config.ts:1:217
  at eval_evalModule (/home/runner/work/resux/resux/node_modules/jiti/dist/jiti.cjs:1:155533)
  at jitiRequire (/home/runner/work/resux/resux/node_modules/jiti/dist/jiti.cjs:1:150967)
  at Function.import (/home/runner/work/resux/resux/node_modules/jiti/dist/jiti.cjs:1:158307)
  at resolveConfig (/home/runner/work/resux/resux/node_modules/c12/dist/index.mjs:318:45)
  at async loadConfig (/home/runner/work/resux/resux/node_modules/c12/dist/index.mjs:147:22)
  at async _loadUserConfig (/home/runner/work/resux/resux/node_modules/nitropack/dist/core/index.mjs:725:24)
  at async loadOptions (/home/runner/work/resux/resux/node_modules/nitropack/dist/core/index.mjs:713:19)
  at async createNitro (/home/runner/work/resux/resux/node_modules/nitropack/dist/core/index.mjs:1100:19)
  at async Object.run (/home/runner/work/resux/resux/node_modules/nitropack/dist/cli/build.mjs:32:19)
  at async runCommand (/home/runner/work/resux/resux/node_modules/nitropack/node_modules/citty/dist/index.mjs:316:16)
  at async runCommand (/home/runner/work/resux/resux/node_modules/nitropack/node_modules/citty/dist/index.mjs:307:11)
  at async runMain (/home/runner/work/resux/resux/node_modules/nitropack/node_modules/citty/dist/index.mjs:445:7) 

[error] Cannot find module 'nitropack/config'
Require stack:
- /tmp/resux-lab/nitro.config.ts
Error: Nitro build exited with code 1.
    at ChildProcess.<anonymous> (file:///home/runner/work/resux/resux/dist/cli.js:1536:24)
    at ChildProcess.emit (node:events:519:28)
    at ChildProcess._handle.onexit (node:internal/child_process:293:12)
    at Process.callbackTrampoline (node:internal/async_hooks:130:17)
BUILD_STATUS=1
=== generated handlers ===
ROUTE /features/reactivity: {"id":"r6","path":"/features/reactivity","file":"/tmp/resux-lab/pages/features/reactivity.vue","params":[],"componentId":"m10"}
.resux/vite-client/handlers/m10.mjs: missing
.resux/client/handlers/m10.mjs: bytes=10862
  __rx_expressions=true
  __rx_expr_0=true
  increment=true
  setLocale=false
  triggerLocalError=false
  createClientComponent=true
EXPR_CONTEXT :`p-4 bg-white dark:bg-slate-800 rounded-lg shadow space-y-2`}],events:[],children:[{type:`element`,tag:`h2`,attrs:[{kind:`static`,name:`class`,value:`font-semibold text-lg`}],events:[],children:[{type:`text`,value:`Counters & Computed`}]},{type:`element`,tag:`p`,attrs:[{kind:`static`,name:`id`,value:`count-val`}],events:[],children:[{type:`text`,value:`Count: `},{type:`interpolation`,expression:`__rx_expr_0`,bindingId:`b0`}]},{type:`element`,tag:`p`,attrs:[{kind:`static`,name:`id`,value:`double-val`}],events:[],children:[{type:`text`,value:`Double: `},{type:`interpolation`,expression:`__rx_expr_1`,bindingId:`b1`}]},{type:`element`,tag:`p`,attrs:[{kind:`static`,name:`id`,value:`state-val`}],events:[],children:[{type:`text`,value:`State Level: `},{type:`interpolation`,expression:`__rx_expr_2`,bindingId:`b2`}]},{type:`element`,tag:`button`,attrs:[{kind:`static`,name:`id`,value:`inc-btn`},{kind:`static`,name:`class`,value:`px-4 py-2 bg-indigo-600 text-white rounded hover:bg-indigo-700`}],events:[{name:`click`,handler:`increment`,modifiers:[]}],children:[{type:`text`,value:`Increment`}]}]},{type:`element`,tag:`div`,attrs:[{kind:`static`,name:`class`,value:`p-4 bg-white dark:bg-slate-800 rounded-lg shadow space-y-2`}],events:[],children:[{type:`element`,tag:`h2`,attrs:[{kind:`static`,name:`class`,value:`font-semibold text-lg`}],events:[],children:[{type:`text`,value:`Reactivity Checks`}]},{type:`element`,tag:`p`,attrs:[{kind:`static`,name:`id`,value:`is-ref-val`}],events:[],children:[{type:`text`,value:`isRef(count): `},{type:`interpolation`,expression:`__rx_expr_3`,bindingId:`b
ROUTE /features/i18n: {"id":"r5","path":"/features/i18n","file":"/tmp/resux-lab/pages/features/i18n.vue","params":[],"componentId":"m9"}
.resux/vite-client/handlers/m9.mjs: missing
.resux/client/handlers/m9.mjs: bytes=6476
  __rx_expressions=true
  __rx_expr_0=true
  increment=false
  setLocale=true
  triggerLocalError=false
  createClientComponent=true
EXPR_CONTEXT ,{kind:`static`,name:`class`,value:`p-6 bg-white dark:bg-slate-800 rounded-lg shadow space-y-4`}],events:[],children:[{type:`element`,tag:`div`,attrs:[{kind:`static`,name:`class`,value:`flex space-x-3`}],events:[],children:[{type:`element`,tag:`button`,attrs:[{kind:`static`,name:`id`,value:`lang-en`},{kind:`static`,name:`class`,value:`px-3 py-1 rounded border`},{kind:`dynamic`,name:`class`,value:`__rx_expr_0`,bindingId:`b0`}],events:[{name:`click`,handler:`__rx_inline_0`,modifiers:[]}],children:[{type:`text`,value:`English`}]},{type:`element`,tag:`button`,attrs:[{kind:`static`,name:`id`,value:`lang-ar`},{kind:`static`,name:`class`,value:`px-3 py-1 rounded border`},{kind:`dynamic`,name:`class`,value:`__rx_expr_1`,bindingId:`b1`}],events:[{name:`click`,handler:`__rx_inline_1`,modifiers:[]}],children:[{type:`text`,value:`العربية`}]}]},{type:`element`,tag:`div`,attrs:[{kind:`static`,name:`class`,value:`space-y-2`}],events:[],children:[{type:`element`,tag:`p`,attrs:[{kind:`static`,name:`id`,value:`t-welcome`},{kind:`static`,name:`class`,value:`text-xl font-semibold`}],events:[],children:[{type:`interpolation`,expression:`__rx_expr_2`,bindingId:`b2`}]},{type:`element`,tag:`p`,attrs:[{kind:`static`,name:`id`,value:`t-greeting`}],events:[],children:[{type:`interpolation`,expression:`__rx_expr_3`,bindingId:`b3`}]},{type:`element`,tag:`p`,attrs:[{kind:`static`,name:`id`,value:`t-nav-home`}],events:[],children:[{type:`text`,value:`Nav Home: `},{type:`interpolation`,expression:`__rx_expr_4`,bindingId:`b4`}]}]}]}]}];async function n(e){let{ref:t,reactive:n,computed:r,watch:i,watchEffect
ROUTE /features/errors: {"id":"r4","path":"/features/errors","file":"/tmp/resux-lab/pages/features/errors.vue","params":[],"componentId":"m8"}
.resux/vite-client/handlers/m8.mjs: missing
.resux/client/handlers/m8.mjs: bytes=3952
  __rx_expressions=true
  __rx_expr_0=true
  increment=false
  setLocale=false
  triggerLocalError=true
  createClientComponent=true
EXPR_CONTEXT ck`,handler:`triggerLocalError`,modifiers:[]}],children:[{type:`text`,value:`Create Error`}]}]},{type:`element`,tag:`div`,attrs:[{kind:`static`,name:`class`,value:`space-y-2`}],events:[],children:[{type:`element`,tag:`p`,attrs:[{kind:`static`,name:`id`,value:`local-err-val`},{kind:`static`,name:`class`,value:`font-mono text-sm text-rose-500`}],events:[],children:[{type:`interpolation`,expression:`__rx_expr_0`,bindingId:`b0`}]},{type:`element`,tag:`p`,attrs:[{kind:`static`,name:`id`,value:`global-err-val`}],events:[],children:[{type:`text`,value:`Active Error: `},{type:`interpolation`,expression:`__rx_expr_1`,bindingId:`b1`}]}]}]}]}];async function n(e){let{ref:t,reactive:n,computed:r,watch:i,watchEffect:a,readonly:o,toRef:s,toRefs:c,unref:l,isRef:u,isReactive:d,isReadonly:f,nextTick:p,useState:m,useAsyncData:h,useRoute:g,useRouter:_,useHead:v,useSeoMeta:y,useRuntimeConfig:b,useResuxApp:x,useResuxImage:S,apiURL:C,useFetch:w,$fetch:T,useError:E,clearError:D,showError:O,createError:k,useLazyPackage:A,useClientPackage:j,usePackageReady:M,defineLazyPackage:N,defineClientOnlyPackage:P,definePackageAdapter:F,defineClientEnhancement:I,useClientEnhancement:L,onMounted:R,definePageMeta:z,defineProps:B,defineEmits:V,useLocalePath:H,useSwitchLocalePath:U,useI18n:W,useDevice:G,$device:K,importComponent:q,scopeCache:J,devImportRevision:Y,applyPatches:X}=e,Z=E(),Q=t(``);function $(){let e=k({statusCode:400,message:`Invalid request parameters`});Q.value=`${e.name} [${e.statusCode}]: ${e.message}`}return{useError:E,createError:k,ref:t,activeError:Z,localErrorMsg:Q,triggerLocalError:$,__rx_e
ERRORS_HEAD import{createClientComponent as e}from"/__resux/runtime-client.mjs";var t=[{type:`element`,tag:`div`,attrs:[{kind:`static`,name:`class`,value:`p-8 max-w-4xl mx-auto space-y-6`}],events:[],children:[{type:`element`,tag:`h1`,attrs:[{kind:`static`,name:`class`,value:`text-3xl font-bold text-slate-800 dark:text-slate-100`}],events:[],children:[{type:`text`,value:`Error Handling & Recovery Test`}]},{type:`element`,tag:`div`,attrs:[{kind:`static`,name:`id`,value:`error-container`},{kind:`static`,name:`class`,value:`p-6 bg-white dark:bg-slate-800 rounded-lg shadow space-y-4`}],events:[],children:[{type:`element`,tag:`div`,attrs:[{kind:`static`,name:`class`,value:`flex space-x-3`}],events:[],children:[{type:`element`,tag:`button`,attrs:[{kind:`static`,name:`id`,value:`trigger-btn`},{kind:`static`,name:`class`,value:`px-4 py-2 bg-rose-600 text-white rounded hover:bg-rose-700`}],events:[{name:`click`,handler:`triggerLocalError`,modifiers:[]}],children:[{type:`text`,value:`Create Error`}]}]},{type:`element`,tag:`div`,attrs:[{kind:`static`,name:`class`,value:`space-y-2`}],events:[],children:[{type:`element`,tag:`p`,attrs:[{kind:`static`,name:`id`,value:`local-err-val`},{kind:`static`,name:`class`,value:`font-mono text-sm text-rose-500`}],events:[],children:[{type:`interpolation`,expression:`__rx_expr_0`,bindingId:`b0`}]},{type:`element`,tag:`p`,attrs:[{kind:`static`,name:`id`,value:`global-err-val`}],events:[],children:[{type:`text`,value:`Active Error: `},{type:`interpolation`,expression:`__rx_expr_1`,bindingId:`b1`}]}]}]}]}];async function n(e){let{ref:t,reactive:n,computed:r,watch:i,watchEffect:a,readonly:o,toRef:s,toRefs:c,unref:l,isRef:u,isReactive:d,isReadonly:f,nextTick:p,useState:m,useAsyncData:h,useRoute:g,useRouter:_,useHead:v,useSeoMeta:y,useRuntimeConfig:b,useResuxApp:x,useResuxImage:S,apiURL:C,useFetch:w,$fetch:T,useError:E,clearError:D,showError:O,createError:k,useLazyPackage:A,useClientPackage:j,usePackageReady:M,defineLazyPackage:N,defineClientOnlyPackage:P,definePackageAdapter:F,defineClientEnhancement:I,useClientEnhancement:L,onMounted:R,definePageMeta:z,defineProps:B,defineEmits:V,useLocalePath:H,useSwitchLocalePath:U,useI18n:W,useDevice:G,$device:K,importComponent:q,scopeCache:J,devImportRevision:Y,applyPatches:X}=e,Z=E(),Q=t(``);function $(){let e=k({statusCode:400,message:`Invalid request parameters`});Q.value=`${e.name} [${e.statusCode}]: ${e.message}`}return{useError:E,createError:k,ref:t,activeError:Z,localErrorMsg:Q,triggerLocalError:$,__rx_expressions:{__rx_expr_0:function(e,t){let n=t&&`localErrorMsg`in t?t.localErrorMsg:e&&`localErrorMsg`in e?e.localErrorMsg:typeof globalThis<`u`&&`localErrorMsg`in globalThis?globalThis.localErrorMsg:void 0;if(typeof n==`string`&&n.startsWith(`__rx_callback:`)){let e=n.split(`:`),t=e[2],r=e[3];n=async(...e)=>{let n=globalThis.__RESUX__;if(n&&n.scopes[t]){let i=await q(n.scopes[t].moduleId,n.modules,Y),a=J.get(t);a||(a=await i.createScope(n.scopes[t],n.route),J.set(t,a));let o=await i.run(a,r,e[0]),s=i.serialize(a);n.scopes[t].props=s.props,n.scopes[t].state=s.state,n.scopes[t].asyncData=s.asyncData,X(t,o)}}}return n.value},__rx_expr_1:function(e,t){let n=t&&`activeError`in t?t.activeError:e&&`activeError`in e?e.activeError:typeof globalThis<`u`&&`activeError`in globalThis?globalThis.activeError:void 0;if(typeof n==`string`&&n.startsWith(`__rx_callback:`)){let e=n.split(`:`),t=e[2],r=e[3];n=async(...e)=>{let n=globalThis.__RESUX__;if(n&&n.scopes[t]){let i=await q(n.scopes[t].moduleId,n.modules,Y),a=J.get(t);a||(a=await i.createScope(n.scopes[t],n.route),J.set(t,a));let o=await i.run(a,r,e[0]),s=i.serialize(a);n.scopes[t].props=s.props,n.scopes[t].state=s.state,n.scopes[t].asyncData=s.asyncData,X(t,o)}}}return n.value?n.value.message:`None`}}}}var r=e({id:`m8`,name:`Errors`,file:`/tmp/resux-lab/pages/features/errors.vue`,script:n,template:t,handlers:[`triggerLocalError`],styles:[],styleScopeId:void 0,meta:{}});export{r as default};
ROUTE /state: {"id":"r40","path":"/state","file":"/tmp/resux-lab/pages/state.vue","params":[],"componentId":"m44","meta":{"title":"State and resumable handlers"}}
.resux/vite-client/handlers/m44.mjs: missing
.resux/client/handlers/m44.mjs: bytes=5539
  __rx_expressions=true
  __rx_expr_0=true
  increment=true
  setLocale=false
  triggerLocalError=false
  createClientComponent=true
EXPR_CONTEXT vents:[],children:[{type:`element`,tag:`p`,attrs:[{kind:`static`,name:`class`,value:`text-sm font-bold uppercase tracking-[0.35em] text-cyan-200`}],events:[],children:[{type:`text`,value:`Resumable state`}]},{type:`element`,tag:`h1`,attrs:[{kind:`static`,name:`class`,value:`mt-4 text-4xl font-black text-white`}],events:[],children:[{type:`text`,value:`Counter: `},{type:`interpolation`,expression:`__rx_expr_0`,bindingId:`b0`}]},{type:`element`,tag:`p`,attrs:[{kind:`static`,name:`class`,value:`mt-3 text-slate-300`}],events:[],children:[{type:`text`,value:`Step: `},{type:`interpolation`,expression:`__rx_expr_1`,bindingId:`b1`},{type:`text`,value:`. `},{type:`interpolation`,expression:`__rx_expr_2`,bindingId:`b2`}]},{type:`element`,tag:`div`,attrs:[{kind:`static`,name:`class`,value:`mt-8 flex flex-wrap gap-3`}],events:[],children:[{type:`element`,tag:`button`,attrs:[{kind:`static`,name:`class`,value:`btn-primary`}],events:[{name:`click`,handler:`increment`,modifiers:[]}],children:[{type:`text`,value:`Increment`}]},{type:`element`,tag:`button`,attrs:[{kind:`static`,name:`class`,value:`btn-secondary`}],events:[{name:`click`,handler:`decrement`,modifiers:[]}],children:[{type:`text`,value:`Decrement`}]},{type:`element`,tag:`button`,attrs:[{kind:`static`,name:`class`,value:`btn-secondary`}],events:[{name:`click`,handler:`biggerStep`,modifiers:[]}],children:[{type:`text`,value:`Bigger step`}]},{type:`element`,tag:`button`,attrs:[{kind:`static`,name:`class`,value:`btn-secondary`}],events:[{name:`click`,handler:`reset`,modifiers:[]}],children:[{type:`text`,value:`Reset`}]}]}]},{type:`e
ROUTE /media: {"id":"r16","path":"/media","file":"/tmp/resux-lab/pages/media.vue","params":[],"componentId":"m20","meta":{"layout":"dashboard","title":"Resux media components"}}
.resux/vite-client/handlers/m20.mjs: missing
.resux/client/handlers/m20.mjs: bytes=236745
  __rx_expressions=true
  __rx_expr_0=true
  increment=false
  setLocale=false
  triggerLocalError=false
  createClientComponent=true
EXPR_CONTEXT rder-white/10 bg-slate-900/70 p-3 text-xs text-cyan-100`}],events:[],children:[{type:`element`,tag:`p`,attrs:[{kind:`static`,name:`class`,value:`font-semibold uppercase tracking-[0.2em] text-cyan-300`}],events:[],children:[{type:`text`,value:`Cache URL (1d)`}]},{type:`element`,tag:`p`,attrs:[{kind:`static`,name:`class`,value:`mt-2 break-all`}],events:[],children:[{type:`interpolation`,expression:`__rx_expr_0`,bindingId:`b0`}]}]},{type:`element`,tag:`div`,attrs:[{kind:`static`,name:`class`,value:`rounded-2xl border border-white/10 bg-slate-900/70 p-3 text-xs text-cyan-100`}],events:[],children:[{type:`element`,tag:`p`,attrs:[{kind:`static`,name:`class`,value:`font-semibold uppercase tracking-[0.2em] text-cyan-300`}],events:[],children:[{type:`text`,value:`Cache URL (7d)`}]},{type:`element`,tag:`p`,attrs:[{kind:`static`,name:`class`,value:`mt-2 break-all`}],events:[],children:[{type:`interpolation`,expression:`__rx_expr_1`,bindingId:`b1`}]}]},{type:`element`,tag:`div`,attrs:[{kind:`static`,name:`class`,value:`rounded-2xl border border-white/10 bg-slate-900/70 p-3 text-xs text-cyan-100`}],events:[],children:[{type:`element`,tag:`p`,attrs:[{kind:`static`,name:`class`,value:`font-semibold uppercase tracking-[0.2em] text-cyan-300`}],events:[],children:[{type:`text`,value:`No Format/Quality URL`}]},{type:`element`,tag:`p`,attrs:[{kind:`static`,name:`class`,value:`mt-2 break-all`}],events:[],children:[{type:`interpolation`,expression:`__rx_expr_2`,bindingId:`b2`}]}]}]}]},{type:`element`,tag:`section`,attrs:[{kind:`static`,name:`class`,value:`panel min-w-0 p-4 sm:p-6 lg:p-8`}],event
Resux preview server running at http://localhost:4010
=== /__resux/route?path=%2Ffeatures%2Freactivity ===
{"html":"<div class=\"min-h-screen overflow-hidden bg-[radial-gradient(circle_at_top_left,_rgba(34,211,238,0.18),_transparent_32rem),radial-gradient(circle_at_top_right,_rgba(168,85,247,0.18),_transparent_30rem)]\"><header class=\"shell py-6\"><nav class=\"panel flex flex-wrap items-center justify-between gap-3 px-5 py-4\"><a href=\"/\" class=\"flex items-center gap-3 font-bold text-white\"><span class=\"flex h-10 w-10 items-center justify-center rounded-2xl bg-cyan-300 text-slate-950\">R</span><span>Resux Lab Bench</span></a><div class=\"flex flex-wrap gap-2 text-sm\"><a href=\"/state\" class=\"badge hover:bg-white/20\">State</a><a href=\"/forms\" class=\"badge hover:bg-white/20\">Forms</a><a href=\"/async\" class=\"badge hover:bg-white/20\">Async</a><a href=\"/routes\" class=\"badge hover:bg-white/20\">Routes</a><a href=\"/media\" class=\"badge hover:bg-white/20\">Media</a><a href=\"/swiper\" class=\"badge hover:bg-white/20\">Swiper</a><a href=\"/performance\" class=\"badge hover:bg-white/20\">Performance</a></div></nav></header><div data-rx-loading-indicator=\"true\" hidden data-state=\"idle\" aria-live=\"polite\" aria-busy=\"false\" data-duration=\"1700\" data-throttle=\"0\" data-estimated-progress=\"default\" style=\"--resux-loader-height: 4px; --resux-loader-color: #22d3ee; --resux-loader-error-color: #f97316\"><div class=\"rx-loading-bar\" role=\"progressbar\" aria-valuemin=\"0\" aria-valuemax=\"100\" aria-valuenow=\"0\" aria-valuetext=\"Idle\"><span class=\"rx-loading-progress\"></span></div></div><main class=\"shell pb-16\"><span data-rx-page=\"\"><div class=\"p-8 max-w-4xl mx-auto space-y-6\"><h1 class=\"text-3xl font-bold text-slate-800 dark:text-slate-100\">Reactivity &amp; State Test</h1><div id=\"reactivity-container\" class=\"grid grid-cols-1 md:grid-cols-2 gap-4\"><div class=\"p-4 bg-white dark:bg-slate-800 rounded-lg shadow space-y-2\"><h2 class=\"font-semibold text-lg\">Counters &amp; Computed</h2><p id=\"count-val\">Count: <span data-rx-text=\"s1:b0\">0</span></p><p id=\"double-val\">Double: <span data-rx-text=\"s1:b1\">0</span></p><p id=\"state-val\">State Level: <span data-rx-text=\"s1:b2\">1</span></p><button id=\"inc-btn\" class=\"px-4 py-2 bg-indigo-600 text-white rounded hover:bg-indigo-700\" data-rx-on-click=\"s1:m10:increment\">Increment</button></div><div class=\"p-4 bg-white dark:bg-slate-800 rounded-lg shadow space-y-2\"><h2 class=\"font-semibold text-lg\">Reactivity Checks</h2><p id=\"is-ref-val\">isRef(count): <span data-rx-text=\"s1:b3\">true</span></p><p id=\"is-reactive-val\">isReactive(state): <span data-rx-text=\"s1:b4\">true</span></p><p id=\"is-readonly-val\">isReadonly(count): <span data-rx-text=\"s1:b5\">false</span></p><p id=\"shared-state-val\">useState: <span data-rx-text=\"s1:b6\">Persistent Resux State</span></p></div></div><div class=\"p-4 bg-slate-900 text-slate-100 rounded-lg\"><h3 class=\"font-mono text-sm text-slate-400\">Watch Logs</h3><div id=\"watch-logs\" class=\"font-mono text-xs mt-2 space-y-1\"><span data-rx-block=\"s1:b9\" style=\"display: contents;\"><div key=\"0\" data-rx-attr-b10=\"s1:b10\"><span data-rx-text=\"s1:b8\">watchEffect level: 1</span></div></span></div></div></div></span></main></div>","payload":{"route":{"path":"/features/reactivity","params":{},"query":{},"origin":"http://127.0.0.1:4010","userAgent":"curl/8.5.0"},"scopes":{"s0":{"id":"s0","moduleId":"m48","props":{},"state":{},"globalStateKeys":[],"asyncData":{}},"s1":{"id":"s1","moduleId":"m10","props":{},"state":{"shared-key":"Persistent Resux State"},"globalStateKeys":[],"asyncData":{}}},"globalState":{},"modules":{"m0":"/__resux/handlers/m0.mjs","m1":"/__resux/handlers/m1.mjs","m2":"/__resux/handlers/m2.mjs","m3":"/__resux/handlers/m3.mjs","m4":"/__resux/handlers/m4.mjs","m5":"/__resux/handlers/m5.mjs","m6":"/__resux/handlers/m6.mjs","m7":"/__resux/handlers/m7.mjs","m8":"/__resux/handlers/m8.mjs","m9":"/__resux/handlers/m9.mjs","m10":"/__resux/handlers/m10.mjs","m11":"/__resux/handlers/m11.mjs","m12":"/__resux/handlers/m12.mjs","m13":"/__resux/handlers/m13.mjs","m14":"/__resux/handlers/m14.mjs","m15":"/__resux/handlers/m15.mjs","m16":"/__resux/handlers/m16.mjs","m17":"/__resux/handlers/m17.mjs","m18":"/__resux/handlers/m18.mjs","m19":"/__resux/handlers/m19.mjs","m20":"/__resux/handlers/m20.mjs","m21":"/__resux/handlers/m21.mjs","m22":"/__resux/handlers/m22.mjs","m23":"/__resux/handlers/m23.mjs","m24":"/__resux/handlers/m24.mjs","m25":"/__resux/handlers/m25.mjs","m26":"/__resux/handlers/m26.mjs","m27":"/__resux/handlers/m27.mjs","m28":"/__resux/handlers/m28.mjs","m29":"/__resux/handlers/m29.mjs","m30":"/__resux/handlers/m30.mjs","m31":"/__resux/handlers/m31.mjs","m32":"/__resux/handlers/m32.mjs","m33":"/__resux/handlers/m33.mjs","m34":"/__resux/handlers/m34.mjs","m35":"/__resux/handlers/m35.mjs","m36":"/__resux/handlers/m36.mjs","m37":"/__resux/handlers/m37.mjs","m38":"/__resux/handlers/m38.mjs","m39":"/__resux/handlers/m39.mjs","m40":"/__resux/handlers/m40.mjs","m41":"/__resux/h
=== /__resux/route?path=%2Ffeatures%2Fi18n ===
{"html":"<div class=\"min-h-screen overflow-hidden bg-[radial-gradient(circle_at_top_left,_rgba(34,211,238,0.18),_transparent_32rem),radial-gradient(circle_at_top_right,_rgba(168,85,247,0.18),_transparent_30rem)]\"><header class=\"shell py-6\"><nav class=\"panel flex flex-wrap items-center justify-between gap-3 px-5 py-4\"><a href=\"/\" class=\"flex items-center gap-3 font-bold text-white\"><span class=\"flex h-10 w-10 items-center justify-center rounded-2xl bg-cyan-300 text-slate-950\">R</span><span>Resux Lab Bench</span></a><div class=\"flex flex-wrap gap-2 text-sm\"><a href=\"/state\" class=\"badge hover:bg-white/20\">State</a><a href=\"/forms\" class=\"badge hover:bg-white/20\">Forms</a><a href=\"/async\" class=\"badge hover:bg-white/20\">Async</a><a href=\"/routes\" class=\"badge hover:bg-white/20\">Routes</a><a href=\"/media\" class=\"badge hover:bg-white/20\">Media</a><a href=\"/swiper\" class=\"badge hover:bg-white/20\">Swiper</a><a href=\"/performance\" class=\"badge hover:bg-white/20\">Performance</a></div></nav></header><div data-rx-loading-indicator=\"true\" hidden data-state=\"idle\" aria-live=\"polite\" aria-busy=\"false\" data-duration=\"1700\" data-throttle=\"0\" data-estimated-progress=\"default\" style=\"--resux-loader-height: 4px; --resux-loader-color: #22d3ee; --resux-loader-error-color: #f97316\"><div class=\"rx-loading-bar\" role=\"progressbar\" aria-valuemin=\"0\" aria-valuemax=\"100\" aria-valuenow=\"0\" aria-valuetext=\"Idle\"><span class=\"rx-loading-progress\"></span></div></div><main class=\"shell pb-16\"><span data-rx-page=\"\"><div class=\"p-8 max-w-4xl mx-auto space-y-6\"><h1 class=\"text-3xl font-bold text-slate-800 dark:text-slate-100\">i18n Localization Test</h1><div id=\"i18n-container\" class=\"p-6 bg-white dark:bg-slate-800 rounded-lg shadow space-y-4\"><div class=\"flex space-x-3\"><button id=\"lang-en\" class=\"px-3 py-1 rounded border\" class=\"bg-indigo-600 text-white\" data-rx-attr-b0=\"s1:b0\" data-rx-on-click=\"s1:m9:__rx_inline_0\">English</button><button id=\"lang-ar\" class=\"px-3 py-1 rounded border\" class=\"bg-slate-100\" data-rx-attr-b1=\"s1:b1\" data-rx-on-click=\"s1:m9:__rx_inline_1\">العربية</button></div><div class=\"space-y-2\"><p id=\"t-welcome\" class=\"text-xl font-semibold\"><span data-rx-text=\"s1:b2\">Welcome to Resux</span></p><p id=\"t-greeting\"><span data-rx-text=\"s1:b3\">Hello Developer</span></p><p id=\"t-nav-home\">Nav Home: <span data-rx-text=\"s1:b4\">Home</span></p></div></div></div></span></main></div>","payload":{"route":{"path":"/features/i18n","params":{},"query":{},"origin":"http://127.0.0.1:4010","userAgent":"curl/8.5.0"},"scopes":{"s0":{"id":"s0","moduleId":"m48","props":{},"state":{},"globalStateKeys":[],"asyncData":{}},"s1":{"id":"s1","moduleId":"m9","props":{},"state":{},"globalStateKeys":[],"asyncData":{}}},"globalState":{},"modules":{"m0":"/__resux/handlers/m0.mjs","m1":"/__resux/handlers/m1.mjs","m2":"/__resux/handlers/m2.mjs","m3":"/__resux/handlers/m3.mjs","m4":"/__resux/handlers/m4.mjs","m5":"/__resux/handlers/m5.mjs","m6":"/__resux/handlers/m6.mjs","m7":"/__resux/handlers/m7.mjs","m8":"/__resux/handlers/m8.mjs","m9":"/__resux/handlers/m9.mjs","m10":"/__resux/handlers/m10.mjs","m11":"/__resux/handlers/m11.mjs","m12":"/__resux/handlers/m12.mjs","m13":"/__resux/handlers/m13.mjs","m14":"/__resux/handlers/m14.mjs","m15":"/__resux/handlers/m15.mjs","m16":"/__resux/handlers/m16.mjs","m17":"/__resux/handlers/m17.mjs","m18":"/__resux/handlers/m18.mjs","m19":"/__resux/handlers/m19.mjs","m20":"/__resux/handlers/m20.mjs","m21":"/__resux/handlers/m21.mjs","m22":"/__resux/handlers/m22.mjs","m23":"/__resux/handlers/m23.mjs","m24":"/__resux/handlers/m24.mjs","m25":"/__resux/handlers/m25.mjs","m26":"/__resux/handlers/m26.mjs","m27":"/__resux/handlers/m27.mjs","m28":"/__resux/handlers/m28.mjs","m29":"/__resux/handlers/m29.mjs","m30":"/__resux/handlers/m30.mjs","m31":"/__resux/handlers/m31.mjs","m32":"/__resux/handlers/m32.mjs","m33":"/__resux/handlers/m33.mjs","m34":"/__resux/handlers/m34.mjs","m35":"/__resux/handlers/m35.mjs","m36":"/__resux/handlers/m36.mjs","m37":"/__resux/handlers/m37.mjs","m38":"/__resux/handlers/m38.mjs","m39":"/__resux/handlers/m39.mjs","m40":"/__resux/handlers/m40.mjs","m41":"/__resux/handlers/m41.mjs","m42":"/__resux/handlers/m42.mjs","m43":"/__resux/handlers/m43.mjs","m44":"/__resux/handlers/m44.mjs","m45":"/__resux/handlers/m45.mjs","m46":"/__resux/handlers/m46.mjs","m47":"/__resux/handlers/m47.mjs","m48":"/__resux/handlers/m48.mjs","m49":"/__resux/handlers/m49.mjs"},"vueIslands":{"BrowserCapabilities":"/__resux/vue-islands/BrowserCapabilities.mjs","IslandCounter":"/__resux/vue-islands/IslandCounter.mjs","UiShowcase":"/__resux/vue-islands/UiShowcase.mjs"},"config":{"public":{"appName":"Resux Lab Bench","appOrigin":"http://localhost:3000","image":{"provider":"resux","quality":82,"format":"webp","densities":[1,2],"providers":{"resux":{"baseURL":"/__resux/image"}}},"securityHeaders":true,"performanceModul
=== /__resux/route?path=%2Ffeatures%2Ferrors ===
{"html":"<div class=\"min-h-screen overflow-hidden bg-[radial-gradient(circle_at_top_left,_rgba(34,211,238,0.18),_transparent_32rem),radial-gradient(circle_at_top_right,_rgba(168,85,247,0.18),_transparent_30rem)]\"><header class=\"shell py-6\"><nav class=\"panel flex flex-wrap items-center justify-between gap-3 px-5 py-4\"><a href=\"/\" class=\"flex items-center gap-3 font-bold text-white\"><span class=\"flex h-10 w-10 items-center justify-center rounded-2xl bg-cyan-300 text-slate-950\">R</span><span>Resux Lab Bench</span></a><div class=\"flex flex-wrap gap-2 text-sm\"><a href=\"/state\" class=\"badge hover:bg-white/20\">State</a><a href=\"/forms\" class=\"badge hover:bg-white/20\">Forms</a><a href=\"/async\" class=\"badge hover:bg-white/20\">Async</a><a href=\"/routes\" class=\"badge hover:bg-white/20\">Routes</a><a href=\"/media\" class=\"badge hover:bg-white/20\">Media</a><a href=\"/swiper\" class=\"badge hover:bg-white/20\">Swiper</a><a href=\"/performance\" class=\"badge hover:bg-white/20\">Performance</a></div></nav></header><div data-rx-loading-indicator=\"true\" hidden data-state=\"idle\" aria-live=\"polite\" aria-busy=\"false\" data-duration=\"1700\" data-throttle=\"0\" data-estimated-progress=\"default\" style=\"--resux-loader-height: 4px; --resux-loader-color: #22d3ee; --resux-loader-error-color: #f97316\"><div class=\"rx-loading-bar\" role=\"progressbar\" aria-valuemin=\"0\" aria-valuemax=\"100\" aria-valuenow=\"0\" aria-valuetext=\"Idle\"><span class=\"rx-loading-progress\"></span></div></div><main class=\"shell pb-16\"><span data-rx-page=\"\"><div class=\"p-8 max-w-4xl mx-auto space-y-6\"><h1 class=\"text-3xl font-bold text-slate-800 dark:text-slate-100\">Error Handling &amp; Recovery Test</h1><div id=\"error-container\" class=\"p-6 bg-white dark:bg-slate-800 rounded-lg shadow space-y-4\"><div class=\"flex space-x-3\"><button id=\"trigger-btn\" class=\"px-4 py-2 bg-rose-600 text-white rounded hover:bg-rose-700\" data-rx-on-click=\"s1:m8:triggerLocalError\">Create Error</button></div><div class=\"space-y-2\"><p id=\"local-err-val\" class=\"font-mono text-sm text-rose-500\"><span data-rx-text=\"s1:b0\"></span></p><p id=\"global-err-val\">Active Error: <span data-rx-text=\"s1:b1\">None</span></p></div></div></div></span></main></div>","payload":{"route":{"path":"/features/errors","params":{},"query":{},"origin":"http://127.0.0.1:4010","userAgent":"curl/8.5.0"},"scopes":{"s0":{"id":"s0","moduleId":"m48","props":{},"state":{},"globalStateKeys":[],"asyncData":{}},"s1":{"id":"s1","moduleId":"m8","props":{},"state":{},"globalStateKeys":[],"asyncData":{}}},"globalState":{},"modules":{"m0":"/__resux/handlers/m0.mjs","m1":"/__resux/handlers/m1.mjs","m2":"/__resux/handlers/m2.mjs","m3":"/__resux/handlers/m3.mjs","m4":"/__resux/handlers/m4.mjs","m5":"/__resux/handlers/m5.mjs","m6":"/__resux/handlers/m6.mjs","m7":"/__resux/handlers/m7.mjs","m8":"/__resux/handlers/m8.mjs","m9":"/__resux/handlers/m9.mjs","m10":"/__resux/handlers/m10.mjs","m11":"/__resux/handlers/m11.mjs","m12":"/__resux/handlers/m12.mjs","m13":"/__resux/handlers/m13.mjs","m14":"/__resux/handlers/m14.mjs","m15":"/__resux/handlers/m15.mjs","m16":"/__resux/handlers/m16.mjs","m17":"/__resux/handlers/m17.mjs","m18":"/__resux/handlers/m18.mjs","m19":"/__resux/handlers/m19.mjs","m20":"/__resux/handlers/m20.mjs","m21":"/__resux/handlers/m21.mjs","m22":"/__resux/handlers/m22.mjs","m23":"/__resux/handlers/m23.mjs","m24":"/__resux/handlers/m24.mjs","m25":"/__resux/handlers/m25.mjs","m26":"/__resux/handlers/m26.mjs","m27":"/__resux/handlers/m27.mjs","m28":"/__resux/handlers/m28.mjs","m29":"/__resux/handlers/m29.mjs","m30":"/__resux/handlers/m30.mjs","m31":"/__resux/handlers/m31.mjs","m32":"/__resux/handlers/m32.mjs","m33":"/__resux/handlers/m33.mjs","m34":"/__resux/handlers/m34.mjs","m35":"/__resux/handlers/m35.mjs","m36":"/__resux/handlers/m36.mjs","m37":"/__resux/handlers/m37.mjs","m38":"/__resux/handlers/m38.mjs","m39":"/__resux/handlers/m39.mjs","m40":"/__resux/handlers/m40.mjs","m41":"/__resux/handlers/m41.mjs","m42":"/__resux/handlers/m42.mjs","m43":"/__resux/handlers/m43.mjs","m44":"/__resux/handlers/m44.mjs","m45":"/__resux/handlers/m45.mjs","m46":"/__resux/handlers/m46.mjs","m47":"/__resux/handlers/m47.mjs","m48":"/__resux/handlers/m48.mjs","m49":"/__resux/handlers/m49.mjs"},"vueIslands":{"BrowserCapabilities":"/__resux/vue-islands/BrowserCapabilities.mjs","IslandCounter":"/__resux/vue-islands/IslandCounter.mjs","UiShowcase":"/__resux/vue-islands/UiShowcase.mjs"},"config":{"public":{"appName":"Resux Lab Bench","appOrigin":"http://localhost:3000","image":{"provider":"resux","quality":82,"format":"webp","densities":[1,2],"providers":{"resux":{"baseURL":"/__resux/image"}}},"securityHeaders":true,"performanceModule":{"assetMaxAge":0},"ui":{"tokens":{},"defaultStyles":true,"animations":{"enabled":true,"defaultPreset":"fade-up"}},"labModule":"Resux Lab Bench","packages":{"mode":{"swiper":"progressive","chart.js":"progressive","echarts":"progressive","
=== /__resux/route?path=%2Fstate ===
{"html":"<div class=\"min-h-screen overflow-hidden bg-[radial-gradient(circle_at_top_left,_rgba(34,211,238,0.18),_transparent_32rem),radial-gradient(circle_at_top_right,_rgba(168,85,247,0.18),_transparent_30rem)]\"><header class=\"shell py-6\"><nav class=\"panel flex flex-wrap items-center justify-between gap-3 px-5 py-4\"><a href=\"/\" class=\"flex items-center gap-3 font-bold text-white\"><span class=\"flex h-10 w-10 items-center justify-center rounded-2xl bg-cyan-300 text-slate-950\">R</span><span>Resux Lab Bench</span></a><div class=\"flex flex-wrap gap-2 text-sm\"><a href=\"/state\" class=\"badge hover:bg-white/20\">State</a><a href=\"/forms\" class=\"badge hover:bg-white/20\">Forms</a><a href=\"/async\" class=\"badge hover:bg-white/20\">Async</a><a href=\"/routes\" class=\"badge hover:bg-white/20\">Routes</a><a href=\"/media\" class=\"badge hover:bg-white/20\">Media</a><a href=\"/swiper\" class=\"badge hover:bg-white/20\">Swiper</a><a href=\"/performance\" class=\"badge hover:bg-white/20\">Performance</a></div></nav></header><div data-rx-loading-indicator=\"true\" hidden data-state=\"idle\" aria-live=\"polite\" aria-busy=\"false\" data-duration=\"1700\" data-throttle=\"0\" data-estimated-progress=\"default\" style=\"--resux-loader-height: 4px; --resux-loader-color: #22d3ee; --resux-loader-error-color: #f97316\"><div class=\"rx-loading-bar\" role=\"progressbar\" aria-valuemin=\"0\" aria-valuemax=\"100\" aria-valuenow=\"0\" aria-valuetext=\"Idle\"><span class=\"rx-loading-progress\"></span></div></div><main class=\"shell pb-16\"><span data-rx-page=\"\"><section class=\"grid gap-6 lg:grid-cols-[1fr_22rem]\"><div class=\"panel p-8\"><p class=\"text-sm font-bold uppercase tracking-[0.35em] text-cyan-200\">Resumable state</p><h1 class=\"mt-4 text-4xl font-black text-white\">Counter: <span data-rx-text=\"s1:b0\">0</span></h1><p class=\"mt-3 text-slate-300\">Step: <span data-rx-text=\"s1:b1\">1</span>. <span data-rx-text=\"s1:b2\">First click loads this page handler chunk.</span></p><div class=\"mt-8 flex flex-wrap gap-3\"><button class=\"btn-primary\" data-rx-on-click=\"s1:m44:increment\">Increment</button><button class=\"btn-secondary\" data-rx-on-click=\"s1:m44:decrement\">Decrement</button><button class=\"btn-secondary\" data-rx-on-click=\"s1:m44:biggerStep\">Bigger step</button><button class=\"btn-secondary\" data-rx-on-click=\"s1:m44:reset\">Reset</button></div></div><article class=\"panel p-5\"><div class=\"flex items-start justify-between gap-4\"><div><p class=\"text-xs font-semibold uppercase tracking-[0.25em] text-cyan-200\"><span data-rx-text=\"s2:b0\">Manual QA</span></p><h3 class=\"mt-2 text-xl font-bold text-white\"><span data-rx-text=\"s2:b1\">What to inspect</span></h3></div><span class=\"badge\"><span data-rx-text=\"s2:b2\">interactive</span></span></div><p class=\"mt-4 text-sm leading-7 text-slate-300\">Open DevTools Network. On first interaction, Resux should load the handler chunk lazily, then patch only marked bindings.</p></article></section></span></main></div>","payload":{"route":{"path":"/state","params":{},"query":{},"origin":"http://127.0.0.1:4010","userAgent":"curl/8.5.0"},"scopes":{"s0":{"id":"s0","moduleId":"m48","props":{},"state":{},"globalStateKeys":[],"asyncData":{}},"s1":{"id":"s1","moduleId":"m44","props":{},"state":{"lab-count":0,"lab-step":1,"lab-message":"First click loads this page handler chunk."},"globalStateKeys":[],"asyncData":{}},"s2":{"id":"s2","moduleId":"m1","props":{"title":"What to inspect","label":"Manual QA","status":"interactive"},"state":{},"globalStateKeys":[],"asyncData":{}}},"globalState":{},"modules":{"m0":"/__resux/handlers/m0.mjs","m1":"/__resux/handlers/m1.mjs","m2":"/__resux/handlers/m2.mjs","m3":"/__resux/handlers/m3.mjs","m4":"/__resux/handlers/m4.mjs","m5":"/__resux/handlers/m5.mjs","m6":"/__resux/handlers/m6.mjs","m7":"/__resux/handlers/m7.mjs","m8":"/__resux/handlers/m8.mjs","m9":"/__resux/handlers/m9.mjs","m10":"/__resux/handlers/m10.mjs","m11":"/__resux/handlers/m11.mjs","m12":"/__resux/handlers/m12.mjs","m13":"/__resux/handlers/m13.mjs","m14":"/__resux/handlers/m14.mjs","m15":"/__resux/handlers/m15.mjs","m16":"/__resux/handlers/m16.mjs","m17":"/__resux/handlers/m17.mjs","m18":"/__resux/handlers/m18.mjs","m19":"/__resux/handlers/m19.mjs","m20":"/__resux/handlers/m20.mjs","m21":"/__resux/handlers/m21.mjs","m22":"/__resux/handlers/m22.mjs","m23":"/__resux/handlers/m23.mjs","m24":"/__resux/handlers/m24.mjs","m25":"/__resux/handlers/m25.mjs","m26":"/__resux/handlers/m26.mjs","m27":"/__resux/handlers/m27.mjs","m28":"/__resux/handlers/m28.mjs","m29":"/__resux/handlers/m29.mjs","m30":"/__resux/handlers/m30.mjs","m31":"/__resux/handlers/m31.mjs","m32":"/__resux/handlers/m32.mjs","m33":"/__resux/handlers/m33.mjs","m34":"/__resux/handlers/m34.mjs","m35":"/__resux/handlers/m35.mjs","m36":"/__resux/handlers/m36.mjs","m37":"/__resux/handlers/m37.mjs","m38":"/__resux/handlers/m38.mjs","m39":"/__resux/handlers/m39.mjs","m40":"/__resux/handlers/m40.mjs","m4
=== /__resux/route?path=%2Fmedia ===
Request failed: ReferenceError: entry is not defined
    at Object.__rx_expr_6 (file:///tmp/resux-lab/.resux/server-bundle/index.mjs?t=1786452459978.7393:1:193359)
    at evaluateExpression (file:///home/runner/work/resux/resux/dist/runtime/index.js:5455:50)
    at renderTemplateNodeAsync (file:///home/runner/work/resux/resux/dist/runtime/index.js:2664:26)
    at renderTemplateNodesAsync (file:///home/runner/work/resux/resux/dist/runtime/index.js:2642:23)
    at async renderNativeElementAsync (file:///home/runner/work/resux/resux/dist/runtime/index.js:2786:11)
    at async renderTemplateNodeAsync (file:///home/runner/work/resux/resux/dist/runtime/index.js:2659:27)
    at async renderTemplateNodesAsync (file:///home/runner/work/resux/resux/dist/runtime/index.js:2642:17)
    at async renderNativeElementAsync (file:///home/runner/work/resux/resux/dist/runtime/index.js:2786:11)
    at async renderTemplateNodesAsync (file:///home/runner/work/resux/resux/dist/runtime/index.js:2642:17)
    at async renderNativeElementAsync (file:///home/runner/work/resux/resux/dist/runtime/index.js:2786:11)
<!doctype html><html lang="en"><head><title>Resux Lab Bench</title><meta data-rx-head="true" name="description" content="A full Resux test app with Tailwind, routing, SSR, APIs, middleware, and performance checks."><meta data-rx-head="true" name="theme-color" content="#111827"><meta data-rx-head="true" name="x-resux-lab-module" content="Resux Lab Bench"><link data-rx-head="true" rel="icon" href="/favicon.svg"><link data-rx-head="true" rel="stylesheet" href="/tailwind.css"><style data-rx-head="true">
@keyframes rxFadeUp {
  from { opacity: 0; transform: translate3d(0, 30px, 0); }
  to { opacity: 1; transform: translate3d(0, 0, 0); }
}
@keyframes rxScaleIn {
  from { opacity: 0; transform: scale3d(0.92, 0.92, 1); }
  to { opacity: 1; transform: scale3d(1, 1, 1); }
}
@keyframes rxPulseGlow {
  0% { transform: scale(1); box-shadow: 0 0 0 0 rgba(3, 200, 191, 0.4); }
  50% { transform: scale(1.03); box-shadow: 0 0 20px 10px rgba(3, 200, 191, 0); }
  100% { transform: scale(1); box-shadow: 0 0 0 0 rgba(3, 200, 191, 0); }
}
@keyframes rxShimmer {
  0% { background-position: -200% 0; }
  100% { background-position: 200% 0; }
}
.rx-animate-fade-up { animation: rxFadeUp 0.4s cubic-bezier(0.16, 1, 0.3, 1) forwards; }
.rx-animate-scale-in { animation: rxScaleIn 0.4s cubic-bezier(0.16, 1, 0.3, 1) forwards; }
.rx-animate-pulse { animation: rxPulseGlow 2s infinite; }
</style><style data-rx-head="true">
.rx-btn {
  display: inline-flex;
  align-items: center;
  justify-content: center;
  padding: 0.5rem 1rem;
  font-size: 0.875rem;
  font-weight: 500;
  border-radius: 0.375rem;
  cursor: pointer;
  transition: all 0.2s ease-in-out;
  border: 1px solid transparent;
}
.rx-btn-primary { background-color: #03c8bf; color: #0f172a; border-color: #03c8bf; }
.rx-btn-primary:hover { background-color: #02b3ab; }
.rx-btn-secondary { background-color: #334155; color: #f8fafc; border-color: #334155; }
.rx-btn-secondary:hover { background-color: #475569; }
.rx-btn-outline { background-color: transparent; color: #03c8bf; border-color: #03c8bf; }
.rx-btn-outline:hover { background-color: rgba(3, 200, 191, 0.1); }
.rx-btn-ghost { background-color: transparent; color: #cbd5e1; border-color: transparent; }
.rx-btn-ghost:hover { background-color: rgba(255, 255, 255, 0.08); }
.rx-btn-sm { padding: 0.25rem 0.625rem; font-size: 0.75rem; }
.rx-btn-md { padding: 0.5rem 1rem; font-size: 0.875rem; }
.rx-btn-lg { padding: 0.75rem 1.5rem; font-size: 1rem; }

.rx-card {
  background-color: #1e293b;
  border-radius: 0.5rem;
  padding: 1.25rem;
  border: 1px solid #334155;
  color: #f8fafc;
}
.rx-card-glass {
  background: rgba(30, 41, 59, 0.7);
  backdrop-filter: blur(12px);
  border: 1px solid rgba(255, 255, 255, 0.1);
}

.rx-badge {
  display: inline-flex;
  align-items: center;
  padding: 0.125rem 0.5rem;
  border-radius: 9999px;
  font-size: 0.75rem;
  font-weight: 600;
}
.rx-badge-default { background-color: #334155; color: #e2e8f0; }
.rx-badge-success { background-color: rgba(16, 185, 129, 0.2); color: #34d399; }
.rx-badge-warning { background-color: rgba(245, 158, 11, 0.2); color: #fbbf24; }
.rx-badge-danger { background-color: rgba(239, 68, 68, 0.2); color: #f87171; }
.rx-badge-info { background-color: rgba(59, 130, 246, 0.2); color: #60a5fa; }

.rx-input {
  width: 100%;
  padding: 0.5rem 0.75rem;
  border-radius: 0.375rem;
  background-color: #0f172a;
  border: 1px solid #334155;
  color: #f8fafc;
  font-size: 0.875rem;
  outline: none;
  transition: border-color 0.2s ease;
}
.rx-input:focus { border-color: #03c8bf; }

.rx-select {
  position: relative;
  width: 100%;
  border-radius: 0.375rem;
  background-color: #0f172a;
  border: 1px solid #334155;
  color: #f8fafc;
  font-size: 0.875rem;
  cursor: pointer;
  outline: none;
}
.rx-select-trigger {
  display: flex;
  justify-content: space-between;
  align-items: center;
  padding: 0.5rem 0.75rem;
}
.rx-select-dropdown {
  position: absolute;
  top: 100%;
  left: 0; right: 0;
  margin-top: 0.25rem;
  background-color: #1e293b;
  border: 1px solid #334155;
  border-radius: 0.375rem;
  list-style: none;
  padding: 0.25rem 0;
  z-index: 100;
}
.rx-select-option {
  padding: 0.5rem 0.75rem;
}
.rx-select-option:hover, .rx-select-option.selected {
  background-color: rgba(3, 200, 191, 0.15);
  color: #03c8bf;
}

.rx-avatar {
  position: relative;
  display: inline-flex;
  align-items: center;
  justify-content: center;
  border-radius: 9999px;
  background-color: #334155;
  color: #f8fafc;
  font-weight: 600;
  overflow: hidden;
}
.rx-avatar-sm { width: 2rem; height: 2rem; font-size: 0.75rem; }
.rx-avatar-md { width: 2.5rem; height: 2.5rem; font-size: 0.875rem; }
.rx-avatar-lg { width: 3.5rem; height: 3.5rem; font-size: 1.125rem; }
.rx-avatar-img { width: 100%; height: 100%; object-fit: cover; }
.rx-avatar-status {
  position: absolute;
  bottom: 0; right: 0;
  width: 0.625rem; height: 0.625rem;
  border-radius: 9999px;
  border: 2px solid #0f172a;
}
.rx-status-online { background-color: #10b981; }

